Component: Arm Compiler for Embedded 6.22 Tool: armlink [5ee90200]

==============================================================================

Section Cross References

    board.o(.text.board_init) refers to ti_msp_dl_config.o(.text.SYSCFG_DL_init) for SYSCFG_DL_init
    board.o(.ARM.exidx.text.board_init) refers to board.o(.text.board_init) for [Anonymous Symbol]
    board.o(.text.delay_us) refers to dl_common.o(.text.DL_Common_delayCycles) for DL_Common_delayCycles
    board.o(.ARM.exidx.text.delay_us) refers to board.o(.text.delay_us) for [Anonymous Symbol]
    board.o(.text.delay_ms) refers to dl_common.o(.text.DL_Common_delayCycles) for DL_Common_delayCycles
    board.o(.ARM.exidx.text.delay_ms) refers to board.o(.text.delay_ms) for [Anonymous Symbol]
    board.o(.text.delay_1us) refers to dl_common.o(.text.DL_Common_delayCycles) for DL_Common_delayCycles
    board.o(.ARM.exidx.text.delay_1us) refers to board.o(.text.delay_1us) for [Anonymous Symbol]
    board.o(.text.delay_1ms) refers to dl_common.o(.text.DL_Common_delayCycles) for DL_Common_delayCycles
    board.o(.ARM.exidx.text.delay_1ms) refers to board.o(.text.delay_1ms) for [Anonymous Symbol]
    board.o(.ARM.exidx.text.uart0_send_char) refers to board.o(.text.uart0_send_char) for [Anonymous Symbol]
    board.o(.ARM.exidx.text.uart0_send_string) refers to board.o(.text.uart0_send_string) for [Anonymous Symbol]
    board.o(.ARM.exidx.text._sys_exit) refers to board.o(.text._sys_exit) for [Anonymous Symbol]
    board.o(.ARM.exidx.text.fputc) refers to board.o(.text.fputc) for [Anonymous Symbol]
    timer.o(.ARM.exidx.text.timer0_init) refers to timer.o(.text.timer0_init) for [Anonymous Symbol]
    timer.o(.ARM.exidx.text.timer1_init) refers to timer.o(.text.timer1_init) for [Anonymous Symbol]
    timer.o(.ARM.exidx.text.timer3_init) refers to timer.o(.text.timer3_init) for [Anonymous Symbol]
    bsp_spi.o(.ARM.exidx.text.spi_read_write_byte) refers to bsp_spi.o(.text.spi_read_write_byte) for [Anonymous Symbol]
    led.o(.ARM.exidx.text.LED_Blue_ON) refers to led.o(.text.LED_Blue_ON) for [Anonymous Symbol]
    led.o(.ARM.exidx.text.LED_Blue_OFF) refers to led.o(.text.LED_Blue_OFF) for [Anonymous Symbol]
    led.o(.ARM.exidx.text.LED_Green_ON) refers to led.o(.text.LED_Green_ON) for [Anonymous Symbol]
    led.o(.ARM.exidx.text.LED_Green_OFF) refers to led.o(.text.LED_Green_OFF) for [Anonymous Symbol]
    key.o(.ARM.exidx.text.Key_GetState) refers to key.o(.text.Key_GetState) for [Anonymous Symbol]
    key.o(.text.Key_Tick) refers to key.o(.bss.Key_Tick.Count) for [Anonymous Symbol]
    key.o(.text.Key_Tick) refers to key.o(.bss.Key_Tick.CurrState) for [Anonymous Symbol]
    key.o(.text.Key_Tick) refers to key.o(.bss.KeyNum) for KeyNum
    key.o(.ARM.exidx.text.Key_Tick) refers to key.o(.text.Key_Tick) for [Anonymous Symbol]
    key.o(.text.Key_GetNum) refers to key.o(.bss.KeyNum) for KeyNum
    key.o(.ARM.exidx.text.Key_GetNum) refers to key.o(.text.Key_GetNum) for [Anonymous Symbol]
    buzzer.o(.ARM.exidx.text.Buzzer_OFF) refers to buzzer.o(.text.Buzzer_OFF) for [Anonymous Symbol]
    buzzer.o(.ARM.exidx.text.Buzzer_ON) refers to buzzer.o(.text.Buzzer_ON) for [Anonymous Symbol]
    oled.o(.text.OLED_ColorTurn) refers to oled.o(.text.OLED_WR_Byte) for OLED_WR_Byte
    oled.o(.ARM.exidx.text.OLED_ColorTurn) refers to oled.o(.text.OLED_ColorTurn) for [Anonymous Symbol]
    oled.o(.text.OLED_WR_Byte) refers to board.o(.text.delay_us) for delay_us
    oled.o(.text.OLED_WR_Byte) refers to oled.o(.text.Send_Byte) for Send_Byte
    oled.o(.ARM.exidx.text.OLED_WR_Byte) refers to oled.o(.text.OLED_WR_Byte) for [Anonymous Symbol]
    oled.o(.text.OLED_DisplayTurn) refers to oled.o(.text.OLED_WR_Byte) for OLED_WR_Byte
    oled.o(.ARM.exidx.text.OLED_DisplayTurn) refers to oled.o(.text.OLED_DisplayTurn) for [Anonymous Symbol]
    oled.o(.text.IIC_delay) refers to board.o(.text.delay_us) for delay_us
    oled.o(.ARM.exidx.text.IIC_delay) refers to oled.o(.text.IIC_delay) for [Anonymous Symbol]
    oled.o(.text.I2C_Start) refers to board.o(.text.delay_us) for delay_us
    oled.o(.ARM.exidx.text.I2C_Start) refers to oled.o(.text.I2C_Start) for [Anonymous Symbol]
    oled.o(.text.I2C_Stop) refers to board.o(.text.delay_us) for delay_us
    oled.o(.ARM.exidx.text.I2C_Stop) refers to oled.o(.text.I2C_Stop) for [Anonymous Symbol]
    oled.o(.text.I2C_WaitAck) refers to board.o(.text.delay_us) for delay_us
    oled.o(.ARM.exidx.text.I2C_WaitAck) refers to oled.o(.text.I2C_WaitAck) for [Anonymous Symbol]
    oled.o(.text.Send_Byte) refers to board.o(.text.delay_us) for delay_us
    oled.o(.ARM.exidx.text.Send_Byte) refers to oled.o(.text.Send_Byte) for [Anonymous Symbol]
    oled.o(.text.OLED_DisPlay_On) refers to oled.o(.text.OLED_WR_Byte) for OLED_WR_Byte
    oled.o(.ARM.exidx.text.OLED_DisPlay_On) refers to oled.o(.text.OLED_DisPlay_On) for [Anonymous Symbol]
[...]
    _printf_sizespec                         0x00000000   Number         0  printf_stubs.o ABSOLUTE
    _printf_widthprec                        0x00000000   Number         0  printf_stubs.o ABSOLUTE
    __ARM_exceptions_init                     - Undefined Weak Reference
    __alloca_initialize                       - Undefined Weak Reference
    __arm_preinit_                            - Undefined Weak Reference
    __arm_relocate_pie_                       - Undefined Weak Reference
    __cpp_initialize__aeabi_                  - Undefined Weak Reference
    __cxa_finalize                            - Undefined Weak Reference
    __sigvec_lookup                           - Undefined Weak Reference
    _atexit_init                              - Undefined Weak Reference
    _call_atexit_fns                          - Undefined Weak Reference
    _clock_init                               - Undefined Weak Reference
    _fp_trap_init                             - Undefined Weak Reference
    _fp_trap_shutdown                         - Undefined Weak Reference
    _get_lc_collate                           - Undefined Weak Reference
    _get_lc_ctype                             - Undefined Weak Reference
    _get_lc_monetary                          - Undefined Weak Reference
    _get_lc_time                              - Undefined Weak Reference
    _getenv_init                              - Undefined Weak Reference
    _handle_redirection                       - Undefined Weak Reference
    _init_alloc                               - Undefined Weak Reference
    _init_user_alloc                          - Undefined Weak Reference
    _initio                                   - Undefined Weak Reference
    _mutex_acquire                            - Undefined Weak Reference
    _mutex_release                            - Undefined Weak Reference
    _printf_mbtowc                            - Undefined Weak Reference
    _printf_truncate_signed                   - Undefined Weak Reference
    _printf_truncate_unsigned                 - Undefined Weak Reference
    _rand_init                                - Undefined Weak Reference
    _signal_finish                            - Undefined Weak Reference
    _signal_init                              - Undefined Weak Reference
    _terminate_alloc                          - Undefined Weak Reference
    _terminate_user_alloc                     - Undefined Weak Reference
    _terminateio                              - Undefined Weak Reference
    __Vectors_End                            0x000000c0   Data           0  startup_mspm0g350x_uvision.o(RESET)
    __Vectors_Size                           0x000000c0   Number         0  startup_mspm0g350x_uvision.o ABSOLUTE
    __main                                   0x000000c1   Thumb Code     8  __main.o(!!!main)
    __scatterload                            0x000000c9   Thumb Code     0  __scatter.o(!!!scatter)
    __scatterload_rt2                        0x000000c9   Thumb Code    74  __scatter.o(!!!scatter)
    __scatterload_rt2_thumb_only             0x000000c9   Thumb Code     0  __scatter.o(!!!scatter)
    __scatterload_loop                       0x000000d3   Thumb Code     0  __scatter.o(!!!scatter)
    __scatterload_copy                       0x00000121   Thumb Code    26  __scatter_copy.o(!!handler_copy)
    __scatterload_null                       0x00000141   Thumb Code     2  __scatter.o(!!handler_null)
    __scatterload_zeroinit                   0x00000149   Thumb Code    28  __scatter_zi.o(!!handler_zi)
    _printf_percent                          0x00000165   Thumb Code     0  _printf_percent.o(.ARM.Collect$$_printf_percent$$00000000)
    _printf_f                                0x00000167   Thumb Code     0  _printf_f.o(.ARM.Collect$$_printf_percent$$00000003)
    _printf_d                                0x00000171   Thumb Code     0  _printf_d.o(.ARM.Collect$$_printf_percent$$00000009)
    _printf_x                                0x0000017b   Thumb Code     0  _printf_x.o(.ARM.Collect$$_printf_percent$$0000000C)
    _printf_s                                0x00000185   Thumb Code     0  _printf_s.o(.ARM.Collect$$_printf_percent$$00000014)
    _printf_percent_end                      0x0000018f   Thumb Code     0  _printf_percent_end.o(.ARM.Collect$$_printf_percent$$00000017)
    __rt_lib_init                            0x00000193   Thumb Code     0  libinit.o(.ARM.Collect$$libinit$$00000000)
    __rt_lib_init_fp_1                       0x00000195   Thumb Code     0  libinit2.o(.ARM.Collect$$libinit$$00000002)
    __rt_lib_init_heap_1                     0x00000195   Thumb Code     0  libinit2.o(.ARM.Collect$$libinit$$0000000C)
    __rt_lib_init_lc_common                  0x00000195   Thumb Code     0  libinit2.o(.ARM.Collect$$libinit$$00000011)
    __rt_lib_init_preinit_1                  0x00000195   Thumb Code     0  libinit2.o(.ARM.Collect$$libinit$$00000006)
    __rt_lib_init_rand_1                     0x00000195   Thumb Code     0  libinit2.o(.ARM.Collect$$libinit$$00000010)
    __rt_lib_init_relocate_pie_1             0x00000195   Thumb Code     0  libinit2.o(.ARM.Collect$$libinit$$00000004)
    __rt_lib_init_user_alloc_1               0x00000195   Thumb Code     0  libinit2.o(.ARM.Collect$$libinit$$0000000E)
    __rt_lib_init_lc_collate_1               0x0000019b   Thumb Code     0  libinit2.o(.ARM.Collect$$libinit$$00000013)
    __rt_lib_init_lc_ctype_1                 0x0000019b   Thumb Code     0  libinit2.o(.ARM.Collect$$libinit$$00000015)
    __rt_lib_init_lc_monetary_1              0x0000019b   Thumb Code     0  libinit2.o(.ARM.Collect$$libinit$$00000017)
    __rt_lib_init_lc_numeric_2               0x0000019b   Thumb Code     0  libinit2.o(.ARM.Collect$$libinit$$00000018)
    __rt_lib_init_alloca_1                   0x000001a5   Thumb Code     0  libinit2.o(.ARM.Collect$$libinit$$00000030)
    __rt_lib_init_argv_1                     0x000001a5   Thumb Code     0  libinit2.o(.ARM.Collect$$libinit$$0000002E)
    __rt_lib_init_atexit_1                   0x000001a5   Thumb Code     0  libinit2.o(.ARM.Collect$$libinit$$0000001D)
    __rt_lib_init_clock_1                    0x000001a5   Thumb Code     0  libinit2.o(.ARM.Collect$$libinit$$00000023)
    __rt_lib_init_cpp_1                      0x000001a5   Thumb Code     0  libinit2.o(.ARM.Collect$$libinit$$00000034)
    __rt_lib_init_exceptions_1               0x000001a5   Thumb Code     0  libinit2.o(.ARM.Collect$$libinit$$00000032)
    __rt_lib_init_fp_trap_1                  0x000001a5   Thumb Code     0  libinit2.o(.ARM.Collect$$libinit$$00000021)
    __rt_lib_init_getenv_1                   0x000001a5   Thumb Code     0  libinit2.o(.ARM.Collect$$libinit$$00000025)
    __rt_lib_init_lc_numeric_1               0x000001a5   Thumb Code     0  libinit2.o(.ARM.Collect$$libinit$$00000019)
    __rt_lib_init_lc_time_1                  0x000001a5   Thumb Code     0  libinit2.o(.ARM.Collect$$libinit$$0000001B)
    __rt_lib_init_return                     0x000001a5   Thumb Code     0  libinit2.o(.ARM.Collect$$libinit$$00000035)
    __rt_lib_init_signal_1                   0x000001a5   Thumb Code     0  libinit2.o(.ARM.Collect$$libinit$$0000001F)
    __rt_lib_init_stdio_1                    0x000001a5   Thumb Code     0  libinit2.o(.ARM.Collect$$libinit$$00000027)
    __rt_lib_shutdown                        0x000001a7   Thumb Code     0  libshutdown.o(.ARM.Collect$$libshutdown$$00000000)
    __rt_lib_shutdown_cpp_1                  0x000001a9   Thumb Code     0  libshutdown2.o(.ARM.Collect$$libshutdown$$00000002)
    __rt_lib_shutdown_fp_trap_1              0x000001a9   Thumb Code     0  libshutdown2.o(.ARM.Collect$$libshutdown$$00000007)
    __rt_lib_shutdown_heap_1                 0x000001a9   Thumb Code     0  libshutdown2.o(.ARM.Collect$$libshutdown$$0000000F)
    __rt_lib_shutdown_return                 0x000001a9   Thumb Code     0  libshutdown2.o(.ARM.Collect$$libshutdown$$00000010)
    __rt_lib_shutdown_signal_1               0x000001a9   Thumb Code     0  libshutdown2.o(.ARM.Collect$$libshutdown$$0000000A)
    __rt_lib_shutdown_stdio_1                0x000001a9   Thumb Code     0  libshutdown2.o(.ARM.Collect$$libshutdown$$00000004)
    __rt_lib_shutdown_user_alloc_1           0x000001a9   Thumb Code     0  libshutdown2.o(.ARM.Collect$$libshutdown$$0000000C)
    __rt_entry                               0x000001ab   Thumb Code     0  __rtentry.o(.ARM.Collect$$rtentry$$00000000)
    __rt_entry_presh_1                       0x000001ab   Thumb Code     0  __rtentry2.o(.ARM.Collect$$rtentry$$00000002)
    __rt_entry_sh                            0x000001ab   Thumb Code     0  __rtentry4.o(.ARM.Collect$$rtentry$$00000004)
    __rt_entry_li                            0x000001b1   Thumb Code     0  __rtentry2.o(.ARM.Collect$$rtentry$$0000000A)
    __rt_entry_postsh_1                      0x000001b1   Thumb Code     0  __rtentry2.o(.ARM.Collect$$rtentry$$00000009)
    __rt_entry_main                          0x000001b5   Thumb Code     0  __rtentry2.o(.ARM.Collect$$rtentry$$0000000D)
    __rt_entry_postli_1                      0x000001b5   Thumb Code     0  __rtentry2.o(.ARM.Collect$$rtentry$$0000000C)
    __rt_exit                                0x000001bd   Thumb Code     0  rtexit.o(.ARM.Collect$$rtexit$$00000000)
    __rt_exit_ls                             0x000001bf   Thumb Code     0  rtexit2.o(.ARM.Collect$$rtexit$$00000003)
    __rt_exit_prels_1                        0x000001bf   Thumb Code     0  rtexit2.o(.ARM.Collect$$rtexit$$00000002)
    __rt_exit_exit                           0x000001c3   Thumb Code     0  rtexit2.o(.ARM.Collect$$rtexit$$00000004)
    Reset_Handler                            0x000001c9   Thumb Code     4  startup_mspm0g350x_uvision.o(.text)
    NMI_Handler                              0x000001cd   Thumb Code     2  startup_mspm0g350x_uvision.o(.text)
    HardFault_Handler                        0x000001cf   Thumb Code     2  startup_mspm0g350x_uvision.o(.text)
    SVC_Handler                              0x000001d1   Thumb Code     2  startup_mspm0g350x_uvision.o(.text)
    PendSV_Handler                           0x000001d3   Thumb Code     2  startup_mspm0g350x_uvision.o(.text)
    SysTick_Handler                          0x000001d5   Thumb Code     2  startup_mspm0g350x_uvision.o(.text)
    ADC0_IRQHandler                          0x000001d7   Thumb Code     0  startup_mspm0g350x_uvision.o(.text)
    ADC1_IRQHandler                          0x000001d7   Thumb Code     0  startup_mspm0g350x_uvision.o(.text)
    AES_IRQHandler                           0x000001d7   Thumb Code     0  startup_mspm0g350x_uvision.o(.text)
    CANFD0_IRQHandler                        0x000001d7   Thumb Code     0  startup_mspm0g350x_uvision.o(.text)
    DAC0_IRQHandler                          0x000001d7   Thumb Code     0  startup_mspm0g350x_uvision.o(.text)
    DMA_IRQHandler                           0x000001d7   Thumb Code     0  startup_mspm0g350x_uvision.o(.text)
    Default_Handler                          0x000001d7   Thumb Code     2  startup_mspm0g350x_uvision.o(.text)
    GROUP0_IRQHandler                        0x000001d7   Thumb Code     0  startup_mspm0g350x_uvision.o(.text)
    I2C0_IRQHandler                          0x000001d7   Thumb Code     0  startup_mspm0g350x_uvision.o(.text)
    I2C1_IRQHandler                          0x000001d7   Thumb Code     0  startup_mspm0g350x_uvision.o(.text)
    RTC_IRQHandler                           0x000001d7   Thumb Code     0  startup_mspm0g350x_uvision.o(.text)
    SPI0_IRQHandler                          0x000001d7   Thumb Code     0  startup_mspm0g350x_uvision.o(.text)
    SPI1_IRQHandler                          0x000001d7   Thumb Code     0  startup_mspm0g350x_uvision.o(.text)
    TIMG12_IRQHandler                        0x000001d7   Thumb Code     0  startup_mspm0g350x_uvision.o(.text)
    TIMG6_IRQHandler                         0x000001d7   Thumb Code     0  startup_mspm0g350x_uvision.o(.text)
    TIMG8_IRQHandler                         0x000001d7   Thumb Code     0  startup_mspm0g350x_uvision.o(.text)
    UART1_IRQHandler                         0x000001d7   Thumb Code     0  startup_mspm0g350x_uvision.o(.text)
    UART3_IRQHandler                         0x000001d7   Thumb Code     0  startup_mspm0g350x_uvision.o(.text)
    __user_initial_stackheap                 0x000001d9   Thumb Code    10  startup_mspm0g350x_uvision.o(.text)
    __2printf                                0x000001f9   Thumb Code    22  noretval__2printf.o(.text)
    _printf_pre_padding                      0x00000215   Thumb Code    44  _printf_pad.o(.text)
    _printf_post_padding                     0x00000241   Thumb Code    34  _printf_pad.o(.text)
    _printf_str                              0x00000263   Thumb Code    82  _printf_str.o(.text)
    _printf_int_dec                          0x000002b5   Thumb Code    90  _printf_dec.o(.text)
    _printf_int_hex                          0x00000321   Thumb Code    84  _printf_hex_int.o(.text)
    _printf_longlong_hex                     0x00000321   Thumb Code     0  _printf_hex_int.o(.text)
    __printf                                 0x00000379   Thumb Code   306  __printf_flags_wp.o(.text)
    puts                                     0x000004b1   Thumb Code    38  puts.o(.text)
    __aeabi_uidivmod                         0x000004dd   Thumb Code    28  aeabi_sdivfast.o(.text)
    __aeabi_idivmod                          0x000004f9   Thumb Code   472  aeabi_sdivfast.o(.text)
    __use_two_region_memory                  0x000006d5   Thumb Code     2  heapauxi.o(.text)
    __rt_heap_escrow$2region                 0x000006d7   Thumb Code     2  heapauxi.o(.text)
    __rt_heap_expand$2region                 0x000006d9   Thumb Code     2  heapauxi.o(.text)
    __aeabi_d2f                              0x000006dd   Thumb Code     0  d2f.o(.text)
    __truncdfsf2                             0x000006dd   Thumb Code     0  d2f.o(.text)
    _d2f                                     0x000006dd   Thumb Code   120  d2f.o(.text)
    __adddf3                                 0x00000a51   Thumb Code     0  daddsub.o(.text)
    __aeabi_dadd                             0x00000a51   Thumb Code     0  daddsub.o(.text)
    _dadd                                    0x00000a51   Thumb Code    26  daddsub.o(.text)
    __aeabi_dsub                             0x00000a6b   Thumb Code     0  daddsub.o(.text)
    __subdf3                                 0x00000a6b   Thumb Code     0  daddsub.o(.text)
    _dsub                                    0x00000a6b   Thumb Code    22  daddsub.o(.text)
    __aeabi_drsub                            0x00000a81   Thumb Code     0  daddsub.o(.text)
    _drsb                                    0x00000a81   Thumb Code    28  daddsub.o(.text)
    __aeabi_ddiv                             0x00000ab1   Thumb Code     0  ddiv.o(.text)
    __divdf3                                 0x00000ab1   Thumb Code     0  ddiv.o(.text)
    _ddiv                                    0x00000ab1   Thumb Code  1072  ddiv.o(.text)
    _drdiv                                   0x00000ee1   Thumb Code    20  ddiv.o(.text)
    __aeabi_i2d_normalise                    0x00000ef9   Thumb Code    66  dflti.o(.text)
    __aeabi_i2d                              0x00000f3b   Thumb Code    16  dflti.o(.text)
    _dflt                                    0x00000f3b   Thumb Code     0  dflti.o(.text)
    __aeabi_ui2d                             0x00000f4b   Thumb Code     6  dflti.o(.text)
    _dfltu                                   0x00000f4b   Thumb Code     0  dflti.o(.text)
    __aeabi_dmul                             0x00000f51   Thumb Code     0  dmul.o(.text)
    __muldf3                                 0x00000f51   Thumb Code     0  dmul.o(.text)
    _dmul                                    0x00000f51   Thumb Code   558  dmul.o(.text)
    __aeabi_f2d                              0x00001199   Thumb Code     0  f2d.o(.text)
    __extendsfdf2                            0x00001199   Thumb Code     0  f2d.o(.text)
    _f2d                                     0x00001199   Thumb Code    80  f2d.o(.text)
    __aeabi_fdiv                             0x000011ed   Thumb Code     0  fdiv.o(.text)
    __divsf3                                 0x000011ed   Thumb Code     0  fdiv.o(.text)
    _fdiv                                    0x000011ed   Thumb Code   334  fdiv.o(.text)
    _frdiv                                   0x0000133b   Thumb Code     8  fdiv.o(.text)
    __aeabi_f2iz                             0x0000134d   Thumb Code     0  ffixi.o(.text)
    _ffix                                    0x0000134d   Thumb Code    76  ffixi.o(.text)
    __aeabi_f2uiz                            0x00001399   Thumb Code     0  ffixui.o(.text)
    _ffixu                                   0x00001399   Thumb Code    48  ffixui.o(.text)
    __aeabi_i2f_normalise                    0x000013c9   Thumb Code    72  fflti.o(.text)
    __aeabi_i2f                              0x00001411   Thumb Code    16  fflti.o(.text)
    _fflt                                    0x00001411   Thumb Code     0  fflti.o(.text)
    __aeabi_ui2f                             0x00001421   Thumb Code     6  fflti.o(.text)
    _ffltu                                   0x00001421   Thumb Code     0  fflti.o(.text)
    __read_errno                             0x00001427   Thumb Code    10  _rserrno.o(.text)
    __set_errno                              0x00001431   Thumb Code    12  _rserrno.o(.text)
    _printf_int_common                       0x0000143d   Thumb Code   176  _printf_intcommon.o(.text)
    _printf_fp_dec_real                      0x00001689   Thumb Code   620  _printf_fp_dec.o(.text)
    _printf_cs_common                        0x00001901   Thumb Code    22  _printf_char.o(.text)
    _printf_char                             0x00001917   Thumb Code    16  _printf_char.o(.text)
    _printf_string                           0x00001927   Thumb Code     8  _printf_char.o(.text)
    _printf_char_file                        0x00001931   Thumb Code    34  _printf_char_file.o(.text)
    __rt_udiv10                              0x00001959   Thumb Code    40  rtudiv10.o(.text)
    __ARM_scalbn                             0x00001981   Thumb Code    84  dscalbn.o(.text)
    __rt_locale                              0x000019e1   Thumb Code     8  rt_locale_intlibspace.o(.text)
    __aeabi_errno_addr                       0x000019e9   Thumb Code     8  rt_errno_addr_intlibspace.o(.text)
    __errno$intlibspace                      0x000019e9   Thumb Code     0  rt_errno_addr_intlibspace.o(.text)
    __rt_errno_addr$intlibspace              0x000019e9   Thumb Code     0  rt_errno_addr_intlibspace.o(.text)
    _ll_udiv10                               0x000019f1   Thumb Code   122  lludiv10.o(.text)
    _printf_char_common                      0x00001a77   Thumb Code    32  _printf_char_common.o(.text)
    _printf_fp_infnan                        0x00001a9d   Thumb Code   120  _printf_fp_infnan.o(.text)
    _btod_etento                             0x00001b25   Thumb Code   210  bigflt0.o(.text)
    _btod_d2e                                0x00001bfd   Thumb Code    64  btod.o(.text)
    _btod_emul                               0x00002031   Thumb Code    28  btod.o(.text)
    _btod_emuld                              0x0000204d   Thumb Code   144  btod.o(.text)
    _btod_ediv                               0x000020dd   Thumb Code    26  btod.o(.text)
    _btod_edivd                              0x000020f7   Thumb Code   124  btod.o(.text)
    ferror                                   0x0000217d   Thumb Code     8  ferror.o(.text)
    __fpl_dcmp_InfNaN                        0x00002185   Thumb Code   154  dcmpin.o(.text)
    _dsqrt                                   0x00002225   Thumb Code   248  dsqrt.o(.text)
    __fpl_fcmp_InfNaN                        0x00002325   Thumb Code    96  fcmpin.o(.text)
    __user_libspace                          0x00002389   Thumb Code     8  libspace.o(.text)
    __user_perproc_libspace                  0x00002389   Thumb Code     0  libspace.o(.text)
    __user_perthread_libspace                0x00002389   Thumb Code     0  libspace.o(.text)
    __user_setup_stackheap                   0x00002391   Thumb Code    62  sys_stackheap_outer.o(.text)
    exit                                     0x000023cf   Thumb Code    16  exit.o(.text)
    strcmp                                   0x000023e1   Thumb Code   176  strcmpv6m.o(.text)
    __fpl_cmpreturn                          0x00002491   Thumb Code    46  cmpret.o(.text)
    __fpl_dcheck_NaN2                        0x000024c1   Thumb Code    14  dnan2.o(.text)
    __fpl_fcheck_NaN2                        0x000024d5   Thumb Code    10  fnan2.o(.text)
    __fpl_return_NaN                         0x000024e5   Thumb Code    94  retnan.o(.text)
    Buzzer_OFF                               0x00002545   Thumb Code    12  buzzer.o(.text.Buzzer_OFF)
    DL_Common_delayCycles                    0x00002555   Thumb Code    10  dl_common.o(.text.DL_Common_delayCycles)
    DL_SPI_init                              0x00002561   Thumb Code    60  dl_spi.o(.text.DL_SPI_init)
    DL_SPI_setClockConfig                    0x000025a5   Thumb Code    18  dl_spi.o(.text.DL_SPI_setClockConfig)
    DL_Timer_initFourCCPWMMode               0x000025b9   Thumb Code   188  dl_timer.o(.text.DL_Timer_initFourCCPWMMode)
    DL_Timer_initTimerMode                   0x0000268d   Thumb Code   224  dl_timer.o(.text.DL_Timer_initTimerMode)
    DL_Timer_setCaptCompUpdateMethod         0x00002779   Thumb Code    24  dl_timer.o(.text.DL_Timer_setCaptCompUpdateMethod)
    DL_Timer_setCaptureCompareOutCtl         0x00002795   Thumb Code    20  dl_timer.o(.text.DL_Timer_setCaptureCompareOutCtl)
    DL_Timer_setCaptureCompareValue          0x000027ad   Thumb Code    12  dl_timer.o(.text.DL_Timer_setCaptureCompareValue)
    DL_Timer_setClockConfig                  0x000027bd   Thumb Code    24  dl_timer.o(.text.DL_Timer_setClockConfig)
    DL_UART_init                             0x000027d9   Thumb Code    64  dl_uart.o(.text.DL_UART_init)
    DL_UART_setClockConfig                   0x00002821   Thumb Code    18  dl_uart.o(.text.DL_UART_setClockConfig)
    GROUP1_IRQHandler                        0x00002835   Thumb Code   152  encoder.o(.text.GROUP1_IRQHandler)
    Gray_Read                                0x000028dd   Thumb Code   120  gray.o(.text.Gray_Read)
    HC05_Init                                0x0000297d   Thumb Code    16  hc05.o(.text.HC05_Init)
    IMU_AHRSupdate                           0x00002995   Thumb Code  1456  imu.o(.text.IMU_AHRSupdate)
    IMU_getQ                                 0x00002f5d   Thumb Code   144  imu.o(.text.IMU_getQ)
    IMU_getValues                            0x0000300d   Thumb Code   172  imu.o(.text.IMU_getValues)
    IMU_getYawPitchRoll                      0x000030d5   Thumb Code   372  imu.o(.text.IMU_getYawPitchRoll)
    IMU_init                                 0x00003255   Thumb Code    72  imu.o(.text.IMU_init)
    Key_Tick                                 0x000032d5   Thumb Code    76  key.o(.text.Key_Tick)
    LED_Blue_OFF                             0x00003335   Thumb Code    12  led.o(.text.LED_Blue_OFF)
    LED_Blue_ON                              0x00003341   Thumb Code    12  led.o(.text.LED_Blue_ON)
    LED_Green_OFF                            0x0000334d   Thumb Code    12  led.o(.text.LED_Green_OFF)
    LED_Green_ON                             0x0000335d   Thumb Code    12  led.o(.text.LED_Green_ON)
    Motor_left_Control                       0x0000336d   Thumb Code    56  motor.o(.text.Motor_left_Control)
    Motor_right_Control                      0x000033a9   Thumb Code    56  motor.o(.text.Motor_right_Control)
    OLED_Init                                0x000033ed   Thumb Code  1852  oled.o(.text.OLED_Init)
    OLED_Refresh                             0x00003b29   Thumb Code   248  oled.o(.text.OLED_Refresh)
    OLED_WR_Byte                             0x00003c25   Thumb Code   156  oled.o(.text.OLED_WR_Byte)
    PID_select                               0x00003cc1   Thumb Code   104  pid.o(.text.PID_select)
    SYSCFG_DL_GPIO_init                      0x00003d3d   Thumb Code   212  ti_msp_dl_config.o(.text.SYSCFG_DL_GPIO_init)
    SYSCFG_DL_PWM_init                       0x00003e4d   Thumb Code   116  ti_msp_dl_config.o(.text.SYSCFG_DL_PWM_init)
    SYSCFG_DL_SPI_init                       0x00003ed9   Thumb Code    56  ti_msp_dl_config.o(.text.SYSCFG_DL_SPI_init)
    SYSCFG_DL_SYSCTL_init                    0x00003f25   Thumb Code    64  ti_msp_dl_config.o(.text.SYSCFG_DL_SYSCTL_init)
    SYSCFG_DL_SYSTICK_init                   0x00003f71   Thumb Code    24  ti_msp_dl_config.o(.text.SYSCFG_DL_SYSTICK_init)
    SYSCFG_DL_TIMER_0_init                   0x00003f8d   Thumb Code    52  ti_msp_dl_config.o(.text.SYSCFG_DL_TIMER_0_init)
    SYSCFG_DL_TIMER_1_init                   0x00003fd5   Thumb Code    52  ti_msp_dl_config.o(.text.SYSCFG_DL_TIMER_1_init)
    SYSCFG_DL_TIMER_2_init                   0x0000401d   Thumb Code    48  ti_msp_dl_config.o(.text.SYSCFG_DL_TIMER_2_init)
    SYSCFG_DL_TIMER_3_init                   0x00004065   Thumb Code    36  ti_msp_dl_config.o(.text.SYSCFG_DL_TIMER_3_init)
    SYSCFG_DL_UART_0_init                    0x0000409d   Thumb Code    88  ti_msp_dl_config.o(.text.SYSCFG_DL_UART_0_init)
    SYSCFG_DL_UART_2_init                    0x00004109   Thumb Code    88  ti_msp_dl_config.o(.text.SYSCFG_DL_UART_2_init)
    SYSCFG_DL_init                           0x00004179   Thumb Code    80  ti_msp_dl_config.o(.text.SYSCFG_DL_init)
    SYSCFG_DL_initPower                      0x000041dd   Thumb Code    88  ti_msp_dl_config.o(.text.SYSCFG_DL_initPower)
    Send_Byte                                0x00004265   Thumb Code   264  oled.o(.text.Send_Byte)
    TIMA0_IRQHandler                         0x00004371   Thumb Code    28  empty.o(.text.TIMA0_IRQHandler)
    TIMA1_IRQHandler                         0x00004395   Thumb Code    20  sr04.o(.text.TIMA1_IRQHandler)
    TIMG0_IRQHandler                         0x000043b1   Thumb Code    36  empty.o(.text.TIMG0_IRQHandler)
    TIMG7_IRQHandler                         0x000043e1   Thumb Code    32  empty.o(.text.TIMG7_IRQHandler)
    UART0_IRQHandler                         0x00004409   Thumb Code   284  hc05.o(.text.UART0_IRQHandler)
    UART2_IRQHandler                         0x00004545   Thumb Code    24  jy901s.o(.text.UART2_IRQHandler)
    UpdateSoundLight                         0x00004565   Thumb Code    40  app_utils.o(.text.UpdateSoundLight)
    _sys_exit                                0x00004595   Thumb Code     2  board.o(.text._sys_exit)
    angle_pid_control                        0x00004599   Thumb Code   124  angle.o(.text.angle_pid_control)
    angleloop_pid_control                    0x00004631   Thumb Code    16  angle.o(.text.angleloop_pid_control)
    board_init                               0x00004641   Thumb Code     8  board.o(.text.board_init)
    bsp_IcmGetRawData                        0x00004649   Thumb Code   244  basic_read_reg.o(.text.bsp_IcmGetRawData)
    calGyroVariance                          0x00004755   Thumb Code   968  imu.o(.text.calGyroVariance)
    capture_initial_yaw                      0x00004b49   Thumb Code    88  app_utils.o(.text.capture_initial_yaw)
    delay_ms                                 0x00004bb1   Thumb Code    14  board.o(.text.delay_ms)
    delay_us                                 0x00004bbf   Thumb Code    10  board.o(.text.delay_us)
    encoder_Init                             0x00004bc9   Thumb Code    16  encoder.o(.text.encoder_Init)
    fputc                                    0x00004be1   Thumb Code    32  board.o(.text.fputc)
    inv_imu_get_register_data                0x00004c7d   Thumb Code    94  inv_imu_driver.o(.text.inv_imu_get_register_data)
    inv_imu_get_who_am_i                     0x00004cdb   Thumb Code    40  inv_imu_driver.o(.text.inv_imu_get_who_am_i)
    inv_imu_read_reg                         0x00004d05   Thumb Code   228  inv_imu_transport.o(.text.inv_imu_read_reg)
    inv_imu_select_accel_lp_clk              0x00004df1   Thumb Code    60  inv_imu_driver.o(.text.inv_imu_select_accel_lp_clk)
    inv_imu_set_accel_frequency              0x00004e31   Thumb Code    62  inv_imu_driver.o(.text.inv_imu_set_accel_frequency)
    inv_imu_set_accel_fsr                    0x00004e6f   Thumb Code    62  inv_imu_driver.o(.text.inv_imu_set_accel_fsr)
    inv_imu_set_accel_ln_bw                  0x00004ead   Thumb Code    60  inv_imu_driver.o(.text.inv_imu_set_accel_ln_bw)
    inv_imu_set_accel_mode                   0x00004eed   Thumb Code    92  inv_imu_driver.o(.text.inv_imu_set_accel_mode)
    inv_imu_set_config_int                   0x00004f49   Thumb Code   146  inv_imu_driver.o(.text.inv_imu_set_config_int)
    inv_imu_set_gyro_frequency               0x00004fdb   Thumb Code    62  inv_imu_driver.o(.text.inv_imu_set_gyro_frequency)
    inv_imu_set_gyro_fsr                     0x00005019   Thumb Code    60  inv_imu_driver.o(.text.inv_imu_set_gyro_fsr)
    inv_imu_set_gyro_ln_bw                   0x00005055   Thumb Code    60  inv_imu_driver.o(.text.inv_imu_set_gyro_ln_bw)
    inv_imu_set_gyro_mode                    0x00005095   Thumb Code    92  inv_imu_driver.o(.text.inv_imu_set_gyro_mode)
    inv_imu_set_pin_config_int               0x000050f5   Thumb Code    96  inv_imu_driver.o(.text.inv_imu_set_pin_config_int)
    inv_imu_soft_reset                       0x00005155   Thumb Code   146  inv_imu_driver.o(.text.inv_imu_soft_reset)
    inv_imu_write_reg                        0x000051e7   Thumb Code    30  inv_imu_transport.o(.text.inv_imu_write_reg)
    jy901s_Init                              0x00005205   Thumb Code    16  jy901s.o(.text.jy901s_Init)
    jy901s_ReceiveData                       0x0000521d   Thumb Code   168  jy901s.o(.text.jy901s_ReceiveData)
    main                                     0x000052dd   Thumb Code   120  empty.o(.text.main)
    pid_cal                                  0x00005375   Thumb Code   190  pid.o(.text.pid_cal)
    pidout_limit                             0x00005433   Thumb Code    70  pid.o(.text.pidout_limit)
    setup_imu                                0x00005479   Thumb Code   540  basic_read_reg.o(.text.setup_imu)
    si_print_error_if_any                    0x00005705   Thumb Code   100  basic_read_reg.o(.text.si_print_error_if_any)
    speed2_pid_control                       0x000057fd   Thumb Code   284  speed.o(.text.speed2_pid_control)
    speed_cal                                0x00005919   Thumb Code   196  speed.o(.text.speed_cal)
    speed_pid_control                        0x00005a05   Thumb Code   308  speed.o(.text.speed_pid_control)
    spi_read_write_byte                      0x00005b79   Thumb Code    60  bsp_spi.o(.text.spi_read_write_byte)
    timer0_init                              0x00005bb9   Thumb Code    16  timer.o(.text.timer0_init)
    timer1_init                              0x00005bc9   Thumb Code    16  timer.o(.text.timer1_init)
    timer3_init                              0x00005bd9   Thumb Code    16  timer.o(.text.timer3_init)
    track2_pid_control                       0x00005bf1   Thumb Code   324  gray_track.o(.text.track2_pid_control)
    track_midde_line                         0x00005d4d   Thumb Code   220  gray_track.o(.text.track_midde_line)
    trackloop2_pid_control                   0x00005e69   Thumb Code    20  gray_track.o(.text.trackloop2_pid_control)
    trackloop_pid_control                    0x00005e7d   Thumb Code    16  gray_track.o(.text.trackloop_pid_control)
    __ARM_common_ll_muluu                    0x00005f75   Thumb Code    48  btod.o(i.__ARM_common_ll_muluu)
    __ARM_fpclassify                         0x00005fa5   Thumb Code    40  fpclassify.o(i.__ARM_fpclassify)
    __kernel_poly                            0x00005fd1   Thumb Code   172  poly.o(i.__kernel_poly)
    __mathlib_dbl_infnan                     0x0000607d   Thumb Code    10  dunder.o(i.__mathlib_dbl_infnan)
    __mathlib_dbl_infnan2                    0x00006087   Thumb Code     8  dunder.o(i.__mathlib_dbl_infnan2)
    __mathlib_dbl_invalid                    0x0000608f   Thumb Code    16  dunder.o(i.__mathlib_dbl_invalid)
    __mathlib_dbl_underflow                  0x000060a1   Thumb Code    14  dunder.o(i.__mathlib_dbl_underflow)
    __aeabi_fcmpeq                           0x000060b5   Thumb Code     0  fcmp.o(i._feq)
    _feq                                     0x000060b5   Thumb Code    22  fcmp.o(i._feq)
    __aeabi_fcmpge                           0x000060cb   Thumb Code     0  fcmp.o(i._fgeq)
    _fgeq                                    0x000060cb   Thumb Code    22  fcmp.o(i._fgeq)
    __aeabi_fcmpgt                           0x000060e1   Thumb Code     0  fcmp.o(i._fgr)
    _fgr                                     0x000060e1   Thumb Code    22  fcmp.o(i._fgr)
    __aeabi_fcmple                           0x000060f7   Thumb Code     0  fcmp.o(i._fleq)
    _fleq                                    0x000060f7   Thumb Code    26  fcmp.o(i._fleq)
    _is_digit                                0x00006111   Thumb Code    14  __printf_wp.o(i._is_digit)
    asin                                     0x00006121   Thumb Code   574  asin.o(i.asin)
    atan                                     0x00006395   Thumb Code   472  atan.o(i.atan)
    atan2                                    0x000065b1   Thumb Code   372  atan2.o(i.atan2)
    sqrt                                     0x0000674d   Thumb Code    66  sqrt.o(i.sqrt)
    _get_lc_numeric                          0x00006795   Thumb Code    44  lc_numeric_c.o(locale$$code)
    __aeabi_cdcmpeq                          0x000067c1   Thumb Code     0  deqf.o(x$fpl$deqf)
    _dcmpeq                                  0x000067c1   Thumb Code    94  deqf.o(x$fpl$deqf)
    __aeabi_fadd                             0x00006825   Thumb Code     0  faddsub.o(x$fpl$fadd)
    _fadd                                    0x00006825   Thumb Code   134  faddsub.o(x$fpl$fadd)
    __aeabi_cfcmpeq                          0x000068b1   Thumb Code     0  feqf.o(x$fpl$feqf)
    _fcmpeq                                  0x000068b1   Thumb Code    78  feqf.o(x$fpl$feqf)
    _fcmpge                                  0x00006905   Thumb Code    78  fgef.o(x$fpl$fgeqf)
    __aeabi_cfcmple                          0x00006959   Thumb Code     0  flef.o(x$fpl$fleqf)
    _fcmple                                  0x00006959   Thumb Code    78  flef.o(x$fpl$fleqf)
    __aeabi_fmul                             0x000069ad   Thumb Code     0  fmul.o(x$fpl$fmul)
    _fmul                                    0x000069ad   Thumb Code   172  fmul.o(x$fpl$fmul)
    __aeabi_fsub                             0x00006a5d   Thumb Code     0  faddsub.o(x$fpl$fsub)
    _fsub                                    0x00006a5d   Thumb Code   204  faddsub.o(x$fpl$fsub)
    _printf_fp_dec                           0x00006b2d   Thumb Code    16  printf1.o(x$fpl$printf1)
    __I$use$fp                               0x00006b3c   Number         0  usenofp.o(x$fpl$usenofp)
    __mathlib_zero                           0x00006d20   Data           8  qnan.o(.constdata)
    Region$$Table$$Base                      0x00006ec8   Number         0  anon$$obj.o(Region$$Table)
    Region$$Table$$Limit                     0x00006ee8   Number         0  anon$$obj.o(Region$$Table)
    Kp                                       0x20200000   Data           4  imu.o(.data.Kp)
    VelcityA_Ki                              0x20200004   Data           4  speed.o(.data.VelcityA_Ki)
    VelcityB_Ki                              0x20200008   Data           4  speed.o(.data.VelcityB_Ki)
    motor_left_dir                           0x2020000c   Data           1  motor.o(.data.motor_left_dir)
    motor_right_dir                          0x2020000d   Data           1  motor.o(.data.motor_right_dir)
    __libspace_start                         0x20200010   Data          96  libspace.o(.bss)
    CalCount                                 0x20200070   Data           4  imu.o(.bss.CalCount)
    __temporary_stack_top$libspace           0x20200070   Data           0  libspace.o(.bss)
    Get_Encoder_countA                       0x20200074   Data           4  encoder.o(.bss.Get_Encoder_countA)
    Get_Encoder_countB                       0x20200078   Data           4  encoder.o(.bss.Get_Encoder_countB)
    KeyNum                                   0x20201cb9   Data           1  key.o(.bss.KeyNum)
    L1                                       0x20201cbc   Data           1  gray.o(.bss.L1)
    L2                                       0x20201cbd   Data           1  gray.o(.bss.L2)
    L3                                       0x20201cbe   Data           1  gray.o(.bss.L3)
    L4                                       0x20201cbf   Data           1  gray.o(.bss.L4)
    OLED_GRAM                                0x20201cc0   Data        1152  oled.o(.bss.OLED_GRAM)
    R1                                       0x20202140   Data           1  gray.o(.bss.R1)
    R2                                       0x20202141   Data           1  gray.o(.bss.R2)
    R3                                       0x20202142   Data           1  gray.o(.bss.R3)
    R4                                       0x20202143   Data           1  gray.o(.bss.R4)
    SoundLight_flag                          0x20202151   Data           1  app_utils.o(.bss.SoundLight_flag)
    SoundLight_time                          0x20202152   Data           2  app_utils.o(.bss.SoundLight_time)
    TTangles_gyro                            0x20202154   Data          28  imu.o(.bss.TTangles_gyro)
    Task                                     0x20202170   Data           1  empty.o(.bss.Task)
    VelcityA_Kp                              0x20202174   Data           4  speed.o(.bss.VelcityA_Kp)
    VelcityB_Kp                              0x20202178   Data           4  speed.o(.bss.VelcityB_Kp)
    Yaw                                      0x2020218c   Data           4  jy901s.o(.bss.Yaw)
    Yaw_update                               0x20202190   Data           1  pid.o(.bss.Yaw_update)
    __stdout                                 0x20202194   Data          84  board.o(.bss.__stdout)
    ang                                      0x202021e8   Data           2  angle.o(.bss.ang)
    angle                                    0x202021ec   Data          52  angle.o(.bss.angle)
    angle_initial                            0x20202220   Data           4  app_utils.o(.bss.angle_initial)
    angle_tar                                0x20202224   Data           4  pid.o(.bss.angle_tar)
    basespeed                                0x20202228   Data           4  empty.o(.bss.basespeed)
    data_len                                 0x2020222c   Data           1  hc05.o(.bss.data_len)
    exInt                                    0x20202230   Data           4  imu.o(.bss.exInt)
    eyInt                                    0x20202234   Data           4  imu.o(.bss.eyInt)
    ezInt                                    0x20202238   Data           4  imu.o(.bss.ezInt)
    first_flag                               0x2020223c   Data           1  empty.o(.bss.first_flag)
    gPWMBackup                               0x20202240   Data         160  ti_msp_dl_config.o(.bss.gPWMBackup)
    gSPIBackup                               0x202022e0   Data          40  ti_msp_dl_config.o(.bss.gSPIBackup)
    gTIMER_0Backup                           0x20202308   Data         188  ti_msp_dl_config.o(.bss.gTIMER_0Backup)
    gTIMER_2Backup                           0x202023c4   Data         188  ti_msp_dl_config.o(.bss.gTIMER_2Backup)
    gTIMER_3Backup                           0x20202480   Data         160  ti_msp_dl_config.o(.bss.gTIMER_3Backup)
    gyro_offset                              0x20202520   Data          12  imu.o(.bss.gyro_offset)
    lastUpdate                               0x20202578   Data           4  imu.o(.bss.lastUpdate)
    msHcCount                                0x2020257c   Data           4  sr04.o(.bss.msHcCount)
    mygetqval                                0x20202580   Data          36  imu.o(.bss.mygetqval)
    north                                    0x202025a4   Data          12  imu.o(.bss.north)
    now                                      0x202025b0   Data           4  imu.o(.bss.now)
    nowtime                                  0x202025b4   Data           4  imu.o(.bss.nowtime)
    pid_flag                                 0x202025b8   Data           1  pid.o(.bss.pid_flag)
    q0                                       0x202025bc   Data           4  imu.o(.bss.q0)
    q1                                       0x202025c0   Data           4  imu.o(.bss.q1)
    q2                                       0x202025c4   Data           4  imu.o(.bss.q2)
    q3                                       0x202025c8   Data           4  imu.o(.bss.q3)
    rx_buf                                   0x202025cc   Data         256  hc05.o(.bss.rx_buf)
    rx_index                                 0x202026cc   Data           1  hc05.o(.bss.rx_index)
    rx_state                                 0x202026cd   Data           1  hc05.o(.bss.rx_state)
    speedA                                   0x202026d0   Data           4  speed.o(.bss.speedA)
    speedB                                   0x202026d4   Data           4  speed.o(.bss.speedB)
    speed_tar                                0x202026e8   Data           4  pid.o(.bss.speed_tar)
    start_flag                               0x20202708   Data           1  empty.o(.bss.start_flag)
    time_10ms                                0x20202709   Data           1  empty.o(.bss.time_10ms)
    trackLine                                0x2020270c   Data          52  gray_track.o(.bss.trackLine)
    west                                     0x20202740   Data          12  imu.o(.bss.west)
    workstep                                 0x2020274c   Data           1  app_task.o(.bss.workstep)
    ypr                                      0x20202750   Data          12  empty.o(.bss.ypr)



==============================================================================

Memory Map of the image

  Image Entry point : 0x000000c1

  Load Region LR_IROM1 (Base: 0x00000000, Size: 0x00006f18, Max: 0x00020000, ABSOLUTE)

    Execution Region ER_IROM1 (Exec base: 0x00000000, Load base: 0x00000000, Size: 0x00006f04, Max: 0x00020000, ABSOLUTE)

    Exec Addr    Load Addr    Size         Type   Attr      Idx    E Section Name        Object

    0x00000000   0x00000000   0x000000c0   Data   RO          631    RESET               startup_mspm0g350x_uvision.o
    0x000000c0   0x000000c0   0x00000008   Code   RO         1485  * !!!main             c_p.l(__main.o)
    0x000000c8   0x000000c8   0x00000054   Code   RO         1833    !!!scatter          c_p.l(__scatter.o)
    0x0000011c   0x0000011c   0x00000004   PAD
    0x00000120   0x00000120   0x0000001a   Code   RO         1837    !!handler_copy      c_p.l(__scatter_copy.o)
    0x0000013a   0x0000013a   0x00000006   PAD
    0x00000140   0x00000140   0x00000002   Code   RO         1834    !!handler_null      c_p.l(__scatter.o)
    0x00000142   0x00000142   0x00000006   PAD
    0x00000148   0x00000148   0x0000001c   Code   RO         1839    !!handler_zi        c_p.l(__scatter_zi.o)
    0x00000164   0x00000164   0x00000002   Code   RO         1468    .ARM.Collect$$_printf_percent$$00000000  c_p.l(_printf_percent.o)
    0x00000166   0x00000166   0x0000000a   Code   RO         1467    .ARM.Collect$$_printf_percent$$00000003  c_p.l(_printf_f.o)
    0x00000170   0x00000170   0x0000000a   Code   RO         1466    .ARM.Collect$$_printf_percent$$00000009  c_p.l(_printf_d.o)
    0x0000017a   0x0000017a   0x0000000a   Code   RO         1465    .ARM.Collect$$_printf_percent$$0000000C  c_p.l(_printf_x.o)
    0x00000184   0x00000184   0x0000000a   Code   RO         1464    .ARM.Collect$$_printf_percent$$00000014  c_p.l(_printf_s.o)
    0x0000018e   0x0000018e   0x00000004   Code   RO         1569    .ARM.Collect$$_printf_percent$$00000017  c_p.l(_printf_percent_end.o)
    0x00000192   0x00000192   0x00000002   Code   RO         1691    .ARM.Collect$$libinit$$00000000  c_p.l(libinit.o)
    0x00000194   0x00000194   0x00000000   Code   RO         1693    .ARM.Collect$$libinit$$00000002  c_p.l(libinit2.o)
    0x00000194   0x00000194   0x00000000   Code   RO         1695    .ARM.Collect$$libinit$$00000004  c_p.l(libinit2.o)
    0x00000194   0x00000194   0x00000000   Code   RO         1697    .ARM.Collect$$libinit$$00000006  c_p.l(libinit2.o)
    0x00000194   0x00000194   0x00000000   Code   RO         1700    .ARM.Collect$$libinit$$0000000C  c_p.l(libinit2.o)
    0x00000194   0x00000194   0x00000000   Code   RO         1702    .ARM.Collect$$libinit$$0000000E  c_p.l(libinit2.o)
    0x00000194   0x00000194   0x00000000   Code   RO         1704    .ARM.Collect$$libinit$$00000010  c_p.l(libinit2.o)
    0x00000194   0x00000194   0x00000006   Code   RO         1705    .ARM.Collect$$libinit$$00000011  c_p.l(libinit2.o)
    0x0000019a   0x0000019a   0x00000000   Code   RO         1707    .ARM.Collect$$libinit$$00000013  c_p.l(libinit2.o)
    0x0000019a   0x0000019a   0x00000000   Code   RO         1709    .ARM.Collect$$libinit$$00000015  c_p.l(libinit2.o)
    0x0000019a   0x0000019a   0x00000000   Code   RO         1711    .ARM.Collect$$libinit$$00000017  c_p.l(libinit2.o)
    0x0000019a   0x0000019a   0x0000000a   Code   RO         1712    .ARM.Collect$$libinit$$00000018  c_p.l(libinit2.o)
    0x000001a4   0x000001a4   0x00000000   Code   RO         1713    .ARM.Collect$$libinit$$00000019  c_p.l(libinit2.o)
    0x000001a4   0x000001a4   0x00000000   Code   RO         1715    .ARM.Collect$$libinit$$0000001B  c_p.l(libinit2.o)
    0x000001a4   0x000001a4   0x00000000   Code   RO         1717    .ARM.Collect$$libinit$$0000001D  c_p.l(libinit2.o)
    0x000001a4   0x000001a4   0x00000000   Code   RO         1719    .ARM.Collect$$libinit$$0000001F  c_p.l(libinit2.o)
    0x000001a4   0x000001a4   0x00000000   Code   RO         1721    .ARM.Collect$$libinit$$00000021  c_p.l(libinit2.o)
    0x000001a4   0x000001a4   0x00000000   Code   RO         1723    .ARM.Collect$$libinit$$00000023  c_p.l(libinit2.o)
    0x000001a4   0x000001a4   0x00000000   Code   RO         1725    .ARM.Collect$$libinit$$00000025  c_p.l(libinit2.o)
    0x000001a4   0x000001a4   0x00000000   Code   RO         1727    .ARM.Collect$$libinit$$00000027  c_p.l(libinit2.o)
    0x000001a4   0x000001a4   0x00000000   Code   RO         1731    .ARM.Collect$$libinit$$0000002E  c_p.l(libinit2.o)
    0x000001a4   0x000001a4   0x00000000   Code   RO         1733    .ARM.Collect$$libinit$$00000030  c_p.l(libinit2.o)
    0x000001a4   0x000001a4   0x00000000   Code   RO         1735    .ARM.Collect$$libinit$$00000032  c_p.l(libinit2.o)
    0x000001a4   0x000001a4   0x00000000   Code   RO         1737    .ARM.Collect$$libinit$$00000034  c_p.l(libinit2.o)
    0x000001a4   0x000001a4   0x00000002   Code   RO         1738    .ARM.Collect$$libinit$$00000035  c_p.l(libinit2.o)
    0x000001a6   0x000001a6   0x00000002   Code   RO         1795    .ARM.Collect$$libshutdown$$00000000  c_p.l(libshutdown.o)
    0x000001a8   0x000001a8   0x00000000   Code   RO         1816    .ARM.Collect$$libshutdown$$00000002  c_p.l(libshutdown2.o)
    0x000001a8   0x000001a8   0x00000000   Code   RO         1818    .ARM.Collect$$libshutdown$$00000004  c_p.l(libshutdown2.o)
    0x000001a8   0x000001a8   0x00000000   Code   RO         1821    .ARM.Collect$$libshutdown$$00000007  c_p.l(libshutdown2.o)
    0x000001a8   0x000001a8   0x00000000   Code   RO         1824    .ARM.Collect$$libshutdown$$0000000A  c_p.l(libshutdown2.o)
    0x000001a8   0x000001a8   0x00000000   Code   RO         1826    .ARM.Collect$$libshutdown$$0000000C  c_p.l(libshutdown2.o)
    0x000001a8   0x000001a8   0x00000000   Code   RO         1829    .ARM.Collect$$libshutdown$$0000000F  c_p.l(libshutdown2.o)
    0x000001a8   0x000001a8   0x00000002   Code   RO         1830    .ARM.Collect$$libshutdown$$00000010  c_p.l(libshutdown2.o)
    0x000001aa   0x000001aa   0x00000000   Code   RO         1552    .ARM.Collect$$rtentry$$00000000  c_p.l(__rtentry.o)
    0x000001aa   0x000001aa   0x00000000   Code   RO         1612    .ARM.Collect$$rtentry$$00000002  c_p.l(__rtentry2.o)
    0x000001aa   0x000001aa   0x00000006   Code   RO         1624    .ARM.Collect$$rtentry$$00000004  c_p.l(__rtentry4.o)
    0x000001b0   0x000001b0   0x00000000   Code   RO         1614    .ARM.Collect$$rtentry$$00000009  c_p.l(__rtentry2.o)
    0x000001b0   0x000001b0   0x00000004   Code   RO         1615    .ARM.Collect$$rtentry$$0000000A  c_p.l(__rtentry2.o)
    0x000001b4   0x000001b4   0x00000000   Code   RO         1617    .ARM.Collect$$rtentry$$0000000C  c_p.l(__rtentry2.o)
    0x000001b4   0x000001b4   0x00000008   Code   RO         1618    .ARM.Collect$$rtentry$$0000000D  c_p.l(__rtentry2.o)
    0x000001bc   0x000001bc   0x00000002   Code   RO         1746    .ARM.Collect$$rtexit$$00000000  c_p.l(rtexit.o)
    0x000001be   0x000001be   0x00000000   Code   RO         1763    .ARM.Collect$$rtexit$$00000002  c_p.l(rtexit2.o)
    0x000001be   0x000001be   0x00000004   Code   RO         1764    .ARM.Collect$$rtexit$$00000003  c_p.l(rtexit2.o)
    0x000001c2   0x000001c2   0x00000006   Code   RO         1765    .ARM.Collect$$rtexit$$00000004  c_p.l(rtexit2.o)
    0x000001c8   0x000001c8   0x00000030   Code   RO          632    .text               startup_mspm0g350x_uvision.o
    0x000001f8   0x000001f8   0x0000001c   Code   RO         1413    .text               c_p.l(noretval__2printf.o)
    0x00000214   0x00000214   0x0000004e   Code   RO         1417    .text               c_p.l(_printf_pad.o)
    0x00000262   0x00000262   0x00000052   Code   RO         1419    .text               c_p.l(_printf_str.o)
    0x000002b4   0x000002b4   0x0000006c   Code   RO         1421    .text               c_p.l(_printf_dec.o)
    0x00000320   0x00000320   0x00000058   Code   RO         1426    .text               c_p.l(_printf_hex_int.o)
    0x00000378   0x00000378   0x00000138   Code   RO         1456    .text               c_p.l(__printf_flags_wp.o)
    0x000004b0   0x000004b0   0x0000002c   Code   RO         1469    .text               c_p.l(puts.o)
    0x000004dc   0x000004dc   0x000001f8   Code   RO         1475    .text               c_p.l(aeabi_sdivfast.o)
    0x000006d4   0x000006d4   0x00000006   Code   RO         1483    .text               c_p.l(heapauxi.o)
    0x000006da   0x000006da   0x00000002   PAD
    0x000006dc   0x000006dc   0x0000007c   Code   RO         1487    .text               fz_ps.l(d2f.o)
    0x00000758   0x00000758   0x00000358   Code   RO         1489    .text               fz_ps.l(daddsub.o)
    0x00000ab0   0x00000ab0   0x00000448   Code   RO         1491    .text               fz_ps.l(ddiv.o)
    0x00000ef8   0x00000ef8   0x00000058   Code   RO         1494    .text               fz_ps.l(dflti.o)
    0x00000f50   0x00000f50   0x00000248   Code   RO         1496    .text               fz_ps.l(dmul.o)
    0x00001198   0x00001198   0x00000054   Code   RO         1498    .text               fz_ps.l(f2d.o)
    0x000011ec   0x000011ec   0x00000160   Code   RO         1530    .text               fz_ps.l(fdiv.o)
    0x0000134c   0x0000134c   0x0000004c   Code   RO         1533    .text               fz_ps.l(ffixi.o)
    0x00001398   0x00001398   0x00000030   Code   RO         1535    .text               fz_ps.l(ffixui.o)
    0x000013c8   0x000013c8   0x0000005e   Code   RO         1537    .text               fz_ps.l(fflti.o)
    0x00001426   0x00001426   0x00000016   Code   RO         1557    .text               c_p.l(_rserrno.o)
    0x0000143c   0x0000143c   0x000000b0   Code   RO         1559    .text               c_p.l(_printf_intcommon.o)
    0x000014ec   0x000014ec   0x00000414   Code   RO         1561    .text               c_p.l(_printf_fp_dec.o)
    0x00001900   0x00001900   0x0000002e   Code   RO         1565    .text               c_p.l(_printf_char.o)
    0x0000192e   0x0000192e   0x00000002   PAD
    0x00001930   0x00001930   0x00000028   Code   RO         1567    .text               c_p.l(_printf_char_file.o)
    0x00001958   0x00001958   0x00000028   Code   RO         1570    .text               c_p.l(rtudiv10.o)
    0x00001980   0x00001980   0x00000060   Code   RO         1574    .text               fz_ps.l(dscalbn.o)
    0x000019e0   0x000019e0   0x00000008   Code   RO         1631    .text               c_p.l(rt_locale_intlibspace.o)
    0x000019e8   0x000019e8   0x00000008   Code   RO         1636    .text               c_p.l(rt_errno_addr_intlibspace.o)
    0x000019f0   0x000019f0   0x0000007a   Code   RO         1638    .text               c_p.l(lludiv10.o)
    0x00001a6a   0x00001a6a   0x00000002   PAD
    0x00001a6c   0x00001a6c   0x00000030   Code   RO         1640    .text               c_p.l(_printf_char_common.o)
    0x00001a9c   0x00001a9c   0x00000088   Code   RO         1642    .text               c_p.l(_printf_fp_infnan.o)
    0x00001b24   0x00001b24   0x000000d8   Code   RO         1644    .text               c_p.l(bigflt0.o)
    0x00001bfc   0x00001bfc   0x00000580   Code   RO         1647    .text               c_p.l(btod.o)
    0x0000217c   0x0000217c   0x00000008   Code   RO         1653    .text               c_p.l(ferror.o)
    0x00002184   0x00002184   0x000000a0   Code   RO         1660    .text               fz_ps.l(dcmpin.o)
    0x00002224   0x00002224   0x00000100   Code   RO         1662    .text               fz_ps.l(dsqrt.o)
    0x00002324   0x00002324   0x00000064   Code   RO         1664    .text               fz_ps.l(fcmpin.o)
    0x00002388   0x00002388   0x00000008   Code   RO         1668    .text               c_p.l(libspace.o)
    0x00002390   0x00002390   0x0000003e   Code   RO         1671    .text               c_p.l(sys_stackheap_outer.o)
    0x000023ce   0x000023ce   0x00000010   Code   RO         1678    .text               c_p.l(exit.o)
    0x000023de   0x000023de   0x00000002   PAD
    0x000023e0   0x000023e0   0x000000b0   Code   RO         1684    .text               c_p.l(strcmpv6m.o)
    0x00002490   0x00002490   0x0000002e   Code   RO         1739    .text               fz_ps.l(cmpret.o)
    0x000024be   0x000024be   0x00000002   PAD
    0x000024c0   0x000024c0   0x00000014   Code   RO         1741    .text               fz_ps.l(dnan2.o)
    0x000024d4   0x000024d4   0x00000010   Code   RO         1743    .text               fz_ps.l(fnan2.o)
    0x000024e4   0x000024e4   0x0000005e   Code   RO         1760    .text               fz_ps.l(retnan.o)
    0x00002542   0x00002542   0x00000002   PAD
    0x00002544   0x00002544   0x00000010   Code   RO           84    .text.Buzzer_OFF    buzzer.o
    0x00002554   0x00002554   0x0000000a   Code   RO         1352    .text.DL_Common_delayCycles  dl_common.o
    0x0000255e   0x0000255e   0x00000002   PAD
    0x00002560   0x00002560   0x00000044   Code   RO          847    .text.DL_SPI_init   dl_spi.o
    0x000025a4   0x000025a4   0x00000012   Code   RO          849    .text.DL_SPI_setClockConfig  dl_spi.o
    0x000025b6   0x000025b6   0x00000002   PAD
    0x000025b8   0x000025b8   0x000000d4   Code   RO          786    .text.DL_Timer_initFourCCPWMMode  dl_timer.o
    0x0000268c   0x0000268c   0x000000ec   Code   RO          768    .text.DL_Timer_initTimerMode  dl_timer.o
    0x00002778   0x00002778   0x0000001c   Code   RO          800    .text.DL_Timer_setCaptCompUpdateMethod  dl_timer.o
    0x00002794   0x00002794   0x00000018   Code   RO          790    .text.DL_Timer_setCaptureCompareOutCtl  dl_timer.o
    0x000027ac   0x000027ac   0x00000010   Code   RO          770    .text.DL_Timer_setCaptureCompareValue  dl_timer.o
    0x000027bc   0x000027bc   0x0000001c   Code   RO          764    .text.DL_Timer_setClockConfig  dl_timer.o
    0x000027d8   0x000027d8   0x00000048   Code   RO          712    .text.DL_UART_init  dl_uart.o
    0x00002820   0x00002820   0x00000012   Code   RO          714    .text.DL_UART_setClockConfig  dl_uart.o
    0x00002832   0x00002832   0x00000002   PAD
    0x00002834   0x00002834   0x000000a8   Code   RO          180    .text.GROUP1_IRQHandler  encoder.o
    0x000028dc   0x000028dc   0x000000a0   Code   RO          192    .text.Gray_Read     gray.o
    0x0000297c   0x0000297c   0x00000018   Code   RO          257    .text.HC05_Init     hc05.o
    0x00002994   0x00002994   0x000005c8   Code   RO          289    .text.IMU_AHRSupdate  imu.o
    0x00002f5c   0x00002f5c   0x000000b0   Code   RO          291    .text.IMU_getQ      imu.o
    0x0000300c   0x0000300c   0x000000c8   Code   RO          287    .text.IMU_getValues  imu.o
    0x000030d4   0x000030d4   0x00000180   Code   RO          293    .text.IMU_getYawPitchRoll  imu.o
    0x00003254   0x00003254   0x00000080   Code   RO          283    .text.IMU_init      imu.o
    0x000032d4   0x000032d4   0x00000060   Code   RO           69    .text.Key_Tick      key.o
    0x00003334   0x00003334   0x0000000c   Code   RO           54    .text.LED_Blue_OFF  led.o
    0x00003340   0x00003340   0x0000000c   Code   RO           52    .text.LED_Blue_ON   led.o
    0x0000334c   0x0000334c   0x00000010   Code   RO           58    .text.LED_Green_OFF  led.o
    0x0000335c   0x0000335c   0x00000010   Code   RO           56    .text.LED_Green_ON  led.o
    0x0000336c   0x0000336c   0x0000003c   Code   RO          162    .text.Motor_left_Control  motor.o
    0x000033a8   0x000033a8   0x00000044   Code   RO          164    .text.Motor_right_Control  motor.o
    0x000033ec   0x000033ec   0x0000073c   Code   RO          139    .text.OLED_Init     oled.o
    0x00003b28   0x00003b28   0x000000fc   Code   RO          115    .text.OLED_Refresh  oled.o
    0x00003c24   0x00003c24   0x0000009c   Code   RO           97    .text.OLED_WR_Byte  oled.o
    0x00003cc0   0x00003cc0   0x0000007c   Code   RO          445    .text.PID_select    pid.o
    0x00003d3c   0x00003d3c   0x00000110   Code   RO          643    .text.SYSCFG_DL_GPIO_init  ti_msp_dl_config.o
    0x00003e4c   0x00003e4c   0x0000008c   Code   RO          647    .text.SYSCFG_DL_PWM_init  ti_msp_dl_config.o
    0x00003ed8   0x00003ed8   0x0000004c   Code   RO          661    .text.SYSCFG_DL_SPI_init  ti_msp_dl_config.o
    0x00003f24   0x00003f24   0x0000004c   Code   RO          645    .text.SYSCFG_DL_SYSCTL_init  ti_msp_dl_config.o
    0x00003f70   0x00003f70   0x0000001c   Code   RO          663    .text.SYSCFG_DL_SYSTICK_init  ti_msp_dl_config.o
    0x00003f8c   0x00003f8c   0x00000048   Code   RO          649    .text.SYSCFG_DL_TIMER_0_init  ti_msp_dl_config.o
    0x00003fd4   0x00003fd4   0x00000048   Code   RO          651    .text.SYSCFG_DL_TIMER_1_init  ti_msp_dl_config.o
    0x0000401c   0x0000401c   0x00000048   Code   RO          653    .text.SYSCFG_DL_TIMER_2_init  ti_msp_dl_config.o
    0x00004064   0x00004064   0x00000038   Code   RO          655    .text.SYSCFG_DL_TIMER_3_init  ti_msp_dl_config.o
    0x0000409c   0x0000409c   0x0000006c   Code   RO          659    .text.SYSCFG_DL_UART_0_init  ti_msp_dl_config.o
    0x00004108   0x00004108   0x00000070   Code   RO          657    .text.SYSCFG_DL_UART_2_init  ti_msp_dl_config.o
    0x00004178   0x00004178   0x00000064   Code   RO          639    .text.SYSCFG_DL_init  ti_msp_dl_config.o
    0x000041dc   0x000041dc   0x00000088   Code   RO          641    .text.SYSCFG_DL_initPower  ti_msp_dl_config.o
    0x00004264   0x00004264   0x0000010c   Code   RO          109    .text.Send_Byte     oled.o
    0x00004370   0x00004370   0x00000024   Code   RO          610    .text.TIMA0_IRQHandler  empty.o
    0x00004394   0x00004394   0x0000001c   Code   RO          242    .text.TIMA1_IRQHandler  sr04.o
    0x000043b0   0x000043b0   0x00000030   Code   RO          612    .text.TIMG0_IRQHandler  empty.o
    0x000043e0   0x000043e0   0x00000028   Code   RO          614    .text.TIMG7_IRQHandler  empty.o
    0x00004408   0x00004408   0x0000013c   Code   RO          265    .text.UART0_IRQHandler  hc05.o
    0x00004544   0x00004544   0x00000020   Code   RO          218    .text.UART2_IRQHandler  jy901s.o
    0x00004564   0x00004564   0x00000030   Code   RO          585    .text.UpdateSoundLight  app_utils.o
    0x00004594   0x00004594   0x00000002   Code   RO           16    .text._sys_exit     board.o
    0x00004596   0x00004596   0x00000002   PAD
    0x00004598   0x00004598   0x00000098   Code   RO          493    .text.angle_pid_control  angle.o
    0x00004630   0x00004630   0x00000010   Code   RO          495    .text.angleloop_pid_control  angle.o
    0x00004640   0x00004640   0x00000008   Code   RO            2    .text.board_init    board.o
    0x00004648   0x00004648   0x0000010c   Code   RO          425    .text.bsp_IcmGetRawData  basic_read_reg.o
    0x00004754   0x00004754   0x000003f4   Code   RO          285    .text.calGyroVariance  imu.o
    0x00004b48   0x00004b48   0x00000068   Code   RO          581    .text.capture_initial_yaw  app_utils.o
    0x00004bb0   0x00004bb0   0x0000000e   Code   RO            6    .text.delay_ms      board.o
    0x00004bbe   0x00004bbe   0x0000000a   Code   RO            4    .text.delay_us      board.o
    0x00004bc8   0x00004bc8   0x00000018   Code   RO          178    .text.encoder_Init  encoder.o
    0x00004be0   0x00004be0   0x00000024   Code   RO           18    .text.fputc         board.o
    0x00004c04   0x00004c04   0x00000034   Code   RO          421    .text.icm45686_read_regs  basic_read_reg.o
    0x00004c38   0x00004c38   0x00000044   Code   RO          423    .text.icm45686_write_regs  basic_read_reg.o
    0x00004c7c   0x00004c7c   0x0000005e   Code   RO          367    .text.inv_imu_get_register_data  inv_imu_driver.o
    0x00004cda   0x00004cda   0x00000028   Code   RO          343    .text.inv_imu_get_who_am_i  inv_imu_driver.o
    0x00004d02   0x00004d02   0x00000002   PAD
    0x00004d04   0x00004d04   0x000000ec   Code   RO          399    .text.inv_imu_read_reg  inv_imu_transport.o
    0x00004df0   0x00004df0   0x00000040   Code   RO          387    .text.inv_imu_select_accel_lp_clk  inv_imu_driver.o
    0x00004e30   0x00004e30   0x0000003e   Code   RO          351    .text.inv_imu_set_accel_frequency  inv_imu_driver.o
    0x00004e6e   0x00004e6e   0x0000003e   Code   RO          355    .text.inv_imu_set_accel_fsr  inv_imu_driver.o
    0x00004eac   0x00004eac   0x00000040   Code   RO          365    .text.inv_imu_set_accel_ln_bw  inv_imu_driver.o
    0x00004eec   0x00004eec   0x0000005c   Code   RO          345    .text.inv_imu_set_accel_mode  inv_imu_driver.o
    0x00004f48   0x00004f48   0x00000092   Code   RO          379    .text.inv_imu_set_config_int  inv_imu_driver.o
    0x00004fda   0x00004fda   0x0000003e   Code   RO          353    .text.inv_imu_set_gyro_frequency  inv_imu_driver.o
    0x00005018   0x00005018   0x0000003c   Code   RO          357    .text.inv_imu_set_gyro_fsr  inv_imu_driver.o
    0x00005054   0x00005054   0x00000040   Code   RO          359    .text.inv_imu_set_gyro_ln_bw  inv_imu_driver.o
    0x00005094   0x00005094   0x00000060   Code   RO          349    .text.inv_imu_set_gyro_mode  inv_imu_driver.o
    0x000050f4   0x000050f4   0x00000060   Code   RO          383    .text.inv_imu_set_pin_config_int  inv_imu_driver.o
    0x00005154   0x00005154   0x00000092   Code   RO          341    .text.inv_imu_soft_reset  inv_imu_driver.o
    0x000051e6   0x000051e6   0x0000001e   Code   RO          401    .text.inv_imu_write_reg  inv_imu_transport.o
    0x00005204   0x00005204   0x00000018   Code   RO          214    .text.jy901s_Init   jy901s.o
    0x0000521c   0x0000521c   0x000000c0   Code   RO          216    .text.jy901s_ReceiveData  jy901s.o
    0x000052dc   0x000052dc   0x00000098   Code   RO          608    .text.main          empty.o
    0x00005374   0x00005374   0x000000be   Code   RO          441    .text.pid_cal       pid.o
    0x00005432   0x00005432   0x00000046   Code   RO          443    .text.pidout_limit  pid.o
    0x00005478   0x00005478   0x0000028c   Code   RO          419    .text.setup_imu     basic_read_reg.o
    0x00005704   0x00005704   0x000000f8   Code   RO          417    .text.si_print_error_if_any  basic_read_reg.o
    0x000057fc   0x000057fc   0x0000011c   Code   RO          465    .text.speed2_pid_control  speed.o
    0x00005918   0x00005918   0x000000ec   Code   RO          459    .text.speed_cal     speed.o
    0x00005a04   0x00005a04   0x00000174   Code   RO          467    .text.speed_pid_control  speed.o
    0x00005b78   0x00005b78   0x00000040   Code   RO           42    .text.spi_read_write_byte  bsp_spi.o
    0x00005bb8   0x00005bb8   0x00000010   Code   RO           29    .text.timer0_init   timer.o
    0x00005bc8   0x00005bc8   0x00000010   Code   RO           31    .text.timer1_init   timer.o
    0x00005bd8   0x00005bd8   0x00000018   Code   RO           33    .text.timer3_init   timer.o
    0x00005bf0   0x00005bf0   0x0000015c   Code   RO          509    .text.track2_pid_control  gray_track.o
    0x00005d4c   0x00005d4c   0x0000011c   Code   RO          515    .text.track_midde_line  gray_track.o
    0x00005e68   0x00005e68   0x00000014   Code   RO          517    .text.trackloop2_pid_control  gray_track.o
    0x00005e7c   0x00005e7c   0x00000010   Code   RO          511    .text.trackloop_pid_control  gray_track.o
    0x00005e8c   0x00005e8c   0x000000e8   Code   RO          403    .text.write_mreg    inv_imu_transport.o
    0x00005f74   0x00005f74   0x00000030   Code   RO         1649    i.__ARM_common_ll_muluu  c_p.l(btod.o)
    0x00005fa4   0x00005fa4   0x0000002c   Code   RO         1602    i.__ARM_fpclassify  m_ps.l(fpclassify.o)
    0x00005fd0   0x00005fd0   0x000000ac   Code   RO         1604    i.__kernel_poly     m_ps.l(poly.o)
    0x0000607c   0x0000607c   0x0000000a   Code   RO         1589    i.__mathlib_dbl_infnan  m_ps.l(dunder.o)
    0x00006086   0x00006086   0x00000008   Code   RO         1590    i.__mathlib_dbl_infnan2  m_ps.l(dunder.o)
    0x0000608e   0x0000608e   0x00000010   Code   RO         1591    i.__mathlib_dbl_invalid  m_ps.l(dunder.o)
    0x0000609e   0x0000609e   0x00000002   PAD
    0x000060a0   0x000060a0   0x00000014   Code   RO         1594    i.__mathlib_dbl_underflow  m_ps.l(dunder.o)
    0x000060b4   0x000060b4   0x00000016   Code   RO         1512    i._feq              fz_ps.l(fcmp.o)
    0x000060ca   0x000060ca   0x00000016   Code   RO         1513    i._fgeq             fz_ps.l(fcmp.o)
    0x000060e0   0x000060e0   0x00000016   Code   RO         1514    i._fgr              fz_ps.l(fcmp.o)
    0x000060f6   0x000060f6   0x0000001a   Code   RO         1515    i._fleq             fz_ps.l(fcmp.o)
    0x00006110   0x00006110   0x0000000e   Code   RO         1454    i._is_digit         c_p.l(__printf_wp.o)
    0x0000611e   0x0000611e   0x00000002   PAD
    0x00006120   0x00006120   0x00000274   Code   RO         1544    i.asin              m_ps.l(asin.o)
    0x00006394   0x00006394   0x0000021c   Code   RO         1584    i.atan              m_ps.l(atan.o)
    0x000065b0   0x000065b0   0x0000019c   Code   RO         1549    i.atan2             m_ps.l(atan2.o)
    0x0000674c   0x0000674c   0x00000048   Code   RO         1608    i.sqrt              m_ps.l(sqrt.o)
    0x00006794   0x00006794   0x0000002c   Code   RO         1658    locale$$code        c_p.l(lc_numeric_c.o)
    0x000067c0   0x000067c0   0x00000064   Code   RO         1572    x$fpl$deqf          fz_ps.l(deqf.o)
    0x00006824   0x00006824   0x0000008c   Code   RO         1500    x$fpl$fadd          fz_ps.l(faddsub.o)
    0x000068b0   0x000068b0   0x00000054   Code   RO         1576    x$fpl$feqf          fz_ps.l(feqf.o)
    0x00006904   0x00006904   0x00000054   Code   RO         1578    x$fpl$fgeqf         fz_ps.l(fgef.o)
    0x00006958   0x00006958   0x00000054   Code   RO         1580    x$fpl$fleqf         fz_ps.l(flef.o)
    0x000069ac   0x000069ac   0x000000b0   Code   RO         1539    x$fpl$fmul          fz_ps.l(fmul.o)
    0x00006a5c   0x00006a5c   0x000000d0   Code   RO         1502    x$fpl$fsub          fz_ps.l(faddsub.o)
    0x00006b2c   0x00006b2c   0x00000010   Code   RO         1541    x$fpl$printf1       fz_ps.l(printf1.o)
    0x00006b3c   0x00006b3c   0x00000000   Code   RO         1582    x$fpl$usenofp       fz_ps.l(usenofp.o)
    0x00006b3c   0x00006b3c   0x00000028   Data   RO         1427    .constdata          c_p.l(_printf_hex_int.o)
    0x00006b64   0x00006b64   0x00000011   Data   RO         1457    .constdata          c_p.l(__printf_flags_wp.o)
    0x00006b75   0x00006b75   0x00000080   Data   RO         1492    .constdata          fz_ps.l(ddiv.o)
    0x00006bf5   0x00006bf5   0x00000040   Data   RO         1531    .constdata          fz_ps.l(fdiv.o)
    0x00006c35   0x00006c35   0x00000003   PAD
    0x00006c38   0x00006c38   0x00000050   Data   RO         1545    .constdata          m_ps.l(asin.o)
    0x00006c88   0x00006c88   0x00000098   Data   RO         1585    .constdata          m_ps.l(atan.o)
    0x00006d20   0x00006d20   0x00000008   Data   RO         1606    .constdata          m_ps.l(qnan.o)
    0x00006d28   0x00006d28   0x00000094   Data   RO         1645    .constdata          c_p.l(bigflt0.o)
    0x00006dbc   0x00006dbc   0x00000003   Data   RO          674    .rodata.gPWMClockConfig  ti_msp_dl_config.o
    0x00006dbf   0x00006dbf   0x00000001   PAD
    0x00006dc0   0x00006dc0   0x00000008   Data   RO          675    .rodata.gPWMConfig  ti_msp_dl_config.o
    0x00006dc8   0x00006dc8   0x00000002   Data   RO          688    .rodata.gSPI_clockConfig  ti_msp_dl_config.o
    0x00006dca   0x00006dca   0x0000000a   Data   RO          689    .rodata.gSPI_config  ti_msp_dl_config.o
    0x00006dd4   0x00006dd4   0x00000003   Data   RO          676    .rodata.gTIMER_0ClockConfig  ti_msp_dl_config.o
    0x00006dd7   0x00006dd7   0x00000001   PAD
    0x00006dd8   0x00006dd8   0x00000014   Data   RO          677    .rodata.gTIMER_0TimerConfig  ti_msp_dl_config.o
    0x00006dec   0x00006dec   0x00000003   Data   RO          678    .rodata.gTIMER_1ClockConfig  ti_msp_dl_config.o
    0x00006def   0x00006def   0x00000001   PAD
    0x00006df0   0x00006df0   0x00000014   Data   RO          679    .rodata.gTIMER_1TimerConfig  ti_msp_dl_config.o
    0x00006e04   0x00006e04   0x00000003   Data   RO          680    .rodata.gTIMER_2ClockConfig  ti_msp_dl_config.o
    0x00006e07   0x00006e07   0x00000001   PAD
    0x00006e08   0x00006e08   0x00000014   Data   RO          681    .rodata.gTIMER_2TimerConfig  ti_msp_dl_config.o
    0x00006e1c   0x00006e1c   0x00000003   Data   RO          682    .rodata.gTIMER_3ClockConfig  ti_msp_dl_config.o
    0x00006e1f   0x00006e1f   0x00000001   PAD
    0x00006e20   0x00006e20   0x00000014   Data   RO          683    .rodata.gTIMER_3TimerConfig  ti_msp_dl_config.o
    0x00006e34   0x00006e34   0x00000002   Data   RO          686    .rodata.gUART_0ClockConfig  ti_msp_dl_config.o
    0x00006e36   0x00006e36   0x0000000a   Data   RO          687    .rodata.gUART_0Config  ti_msp_dl_config.o
    0x00006e40   0x00006e40   0x00000002   Data   RO          684    .rodata.gUART_2ClockConfig  ti_msp_dl_config.o
    0x00006e42   0x00006e42   0x0000000a   Data   RO          685    .rodata.gUART_2Config  ti_msp_dl_config.o
    0x00006e4c   0x00006e4c   0x00000079   Data   RO          427    .rodata.str1.1      basic_read_reg.o
    0x00006ec5   0x00006ec5   0x00000003   PAD
    0x00006ec8   0x00006ec8   0x00000020   Data   RO         1832    Region$$Table       anon$$obj.o
    0x00006ee8   0x00006ee8   0x0000001c   Data   RO         1657    locale$$data        c_p.l(lc_numeric_c.o)


    Execution Region RW_IRAM2 (Exec base: 0x20200000, Load base: 0x00006f08, Size: 0x00004b60, Max: 0x00008000, ABSOLUTE)

    Exec Addr    Load Addr    Size         Type   Attr      Idx    E Section Name        Object

    0x20200000   0x00006f08   0x00000004   Data   RW          302    .data.Kp            imu.o
    0x20200004   0x00006f0c   0x00000004   Data   RW          469    .data.VelcityA_Ki   speed.o
    0x20200008   0x00006f10   0x00000004   Data   RW          471    .data.VelcityB_Ki   speed.o
    0x2020000c   0x00006f14   0x00000001   Data   RW          168    .data.motor_left_dir  motor.o
    0x2020000d   0x00006f15   0x00000001   Data   RW          169    .data.motor_right_dir  motor.o
    0x2020000e   0x00006f16   0x00000002   PAD
    0x20200010        -       0x00000060   Zero   RW         1669    .bss                c_p.l(libspace.o)
    0x20200070        -       0x00000004   Zero   RW          323    .bss.CalCount       imu.o
    0x20200074        -       0x00000004   Zero   RW          182    .bss.Get_Encoder_countA  encoder.o
    0x20200078        -       0x00000004   Zero   RW          183    .bss.Get_Encoder_countB  encoder.o
    0x2020007c        -       0x00000004   Zero   RW          315    .bss.GyroCount      imu.o
    0x20200080        -       0x00001c20   Zero   RW          314    .bss.Gyro_fill      imu.o
    0x20201ca0        -       0x00000008   Zero   RW          316    .bss.Gyro_total.0   imu.o
    0x20201ca8        -       0x00000008   Zero   RW          317    .bss.Gyro_total.1   imu.o
    0x20201cb0        -       0x00000008   Zero   RW          318    .bss.Gyro_total.2   imu.o
    0x20201cb8        -       0x00000001   Zero   RW          313    .bss.GyroinitFlag   imu.o
    0x20201cb9        -       0x00000001   Zero   RW           73    .bss.KeyNum         key.o
    0x20201cba        -       0x00000001   Zero   RW           74    .bss.Key_Tick.Count  key.o
    0x20201cbb        -       0x00000001   Zero   RW           75    .bss.Key_Tick.CurrState  key.o
    0x20201cbc        -       0x00000001   Zero   RW          203    .bss.L1             gray.o
    0x20201cbd        -       0x00000001   Zero   RW          204    .bss.L2             gray.o
    0x20201cbe        -       0x00000001   Zero   RW          205    .bss.L3             gray.o
    0x20201cbf        -       0x00000001   Zero   RW          206    .bss.L4             gray.o
    0x20201cc0        -       0x00000480   Zero   RW          149    .bss.OLED_GRAM      oled.o
    0x20202140        -       0x00000001   Zero   RW          202    .bss.R1             gray.o
    0x20202141        -       0x00000001   Zero   RW          201    .bss.R2             gray.o
    0x20202142        -       0x00000001   Zero   RW          200    .bss.R3             gray.o
    0x20202143        -       0x00000001   Zero   RW          199    .bss.R4             gray.o
    0x20202144        -       0x0000000b   Zero   RW          221    .bss.RxBuffer       jy901s.o
    0x2020214f        -       0x00000001   Zero   RW          222    .bss.RxIndex        jy901s.o
    0x20202150        -       0x00000001   Zero   RW          220    .bss.RxState        jy901s.o
    0x20202151        -       0x00000001   Zero   RW          589    .bss.SoundLight_flag  app_utils.o
    0x20202152        -       0x00000002   Zero   RW          590    .bss.SoundLight_time  app_utils.o
    0x20202154        -       0x0000001c   Zero   RW          324    .bss.TTangles_gyro  imu.o
    0x20202170        -       0x00000001   Zero   RW          616    .bss.Task           empty.o
    0x20202171   0x00006f16   0x00000003   PAD
    0x20202174        -       0x00000004   Zero   RW          470    .bss.VelcityA_Kp    speed.o
    0x20202178        -       0x00000004   Zero   RW          472    .bss.VelcityB_Kp    speed.o
    0x2020217c        -       0x00000004   Zero   RW          479    .bss.Velocity_A.ControlVelocityA  speed.o
    0x20202180        -       0x00000004   Zero   RW          480    .bss.Velocity_A.Last_biasA  speed.o
    0x20202184        -       0x00000004   Zero   RW          481    .bss.Velocity_B.ControlVelocityB  speed.o
    0x20202188        -       0x00000004   Zero   RW          482    .bss.Velocity_B.Last_biasB  speed.o
    0x2020218c        -       0x00000004   Zero   RW          223    .bss.Yaw            jy901s.o
    0x20202190        -       0x00000001   Zero   RW          450    .bss.Yaw_update     pid.o
    0x20202191   0x00006f16   0x00000003   PAD
    0x20202194        -       0x00000054   Zero   RW           20    .bss.__stdout       board.o
    0x202021e8        -       0x00000002   Zero   RW          497    .bss.ang            angle.o
    0x202021ea   0x00006f16   0x00000002   PAD
    0x202021ec        -       0x00000034   Zero   RW          498    .bss.angle          angle.o
    0x20202220        -       0x00000004   Zero   RW          591    .bss.angle_initial  app_utils.o
    0x20202224        -       0x00000004   Zero   RW          449    .bss.angle_tar      pid.o
    0x20202228        -       0x00000004   Zero   RW          619    .bss.basespeed      empty.o
    0x2020222c        -       0x00000001   Zero   RW          271    .bss.data_len       hc05.o
    0x2020222d   0x00006f16   0x00000003   PAD
    0x20202230        -       0x00000004   Zero   RW          308    .bss.exInt          imu.o
    0x20202234        -       0x00000004   Zero   RW          309    .bss.eyInt          imu.o
    0x20202238        -       0x00000004   Zero   RW          310    .bss.ezInt          imu.o
    0x2020223c        -       0x00000001   Zero   RW          618    .bss.first_flag     empty.o
    0x2020223d   0x00006f16   0x00000003   PAD
    0x20202240        -       0x000000a0   Zero   RW          669    .bss.gPWMBackup     ti_msp_dl_config.o
    0x202022e0        -       0x00000028   Zero   RW          673    .bss.gSPIBackup     ti_msp_dl_config.o
    0x20202308        -       0x000000bc   Zero   RW          670    .bss.gTIMER_0Backup  ti_msp_dl_config.o
    0x202023c4        -       0x000000bc   Zero   RW          671    .bss.gTIMER_2Backup  ti_msp_dl_config.o
    0x20202480        -       0x000000a0   Zero   RW          672    .bss.gTIMER_3Backup  ti_msp_dl_config.o
    0x20202520        -       0x0000000c   Zero   RW          322    .bss.gyro_offset    imu.o
    0x2020252c   0x00006f16   0x00000004   PAD
    0x20202530        -       0x00000048   Zero   RW          428    .bss.imu_dev        basic_read_reg.o
    0x20202578        -       0x00000004   Zero   RW          311    .bss.lastUpdate     imu.o
    0x2020257c        -       0x00000004   Zero   RW          246    .bss.msHcCount      sr04.o
    0x20202580        -       0x00000024   Zero   RW          327    .bss.mygetqval      imu.o
    0x202025a4        -       0x0000000c   Zero   RW          325    .bss.north          imu.o
    0x202025b0        -       0x00000004   Zero   RW          312    .bss.now            imu.o
    0x202025b4        -       0x00000004   Zero   RW          303    .bss.nowtime        imu.o
    0x202025b8        -       0x00000001   Zero   RW          447    .bss.pid_flag       pid.o
    0x202025b9   0x00006f16   0x00000003   PAD
    0x202025bc        -       0x00000004   Zero   RW          304    .bss.q0             imu.o
    0x202025c0        -       0x00000004   Zero   RW          305    .bss.q1             imu.o
    0x202025c4        -       0x00000004   Zero   RW          306    .bss.q2             imu.o
    0x202025c8        -       0x00000004   Zero   RW          307    .bss.q3             imu.o
    0x202025cc        -       0x00000100   Zero   RW          272    .bss.rx_buf         hc05.o
    0x202026cc        -       0x00000001   Zero   RW          270    .bss.rx_index       hc05.o
    0x202026cd        -       0x00000001   Zero   RW          269    .bss.rx_state       hc05.o
    0x202026ce   0x00006f16   0x00000002   PAD
    0x202026d0        -       0x00000004   Zero   RW          473    .bss.speedA         speed.o
    0x202026d4        -       0x00000004   Zero   RW          474    .bss.speedB         speed.o
    0x202026d8        -       0x00000004   Zero   RW          475    .bss.speed_cal.last_countA  speed.o
    0x202026dc        -       0x00000004   Zero   RW          476    .bss.speed_cal.last_countB  speed.o
    0x202026e0        -       0x00000004   Zero   RW          477    .bss.speed_cal.last_speedA  speed.o
    0x202026e4        -       0x00000004   Zero   RW          478    .bss.speed_cal.last_speedB  speed.o
    0x202026e8        -       0x00000004   Zero   RW          448    .bss.speed_tar      pid.o
    0x202026ec   0x00006f16   0x00000004   PAD
    0x202026f0        -       0x00000008   Zero   RW          319    .bss.sqrGyro_total.0  imu.o
    0x202026f8        -       0x00000008   Zero   RW          320    .bss.sqrGyro_total.1  imu.o
    0x20202700        -       0x00000008   Zero   RW          321    .bss.sqrGyro_total.2  imu.o
    0x20202708        -       0x00000001   Zero   RW          617    .bss.start_flag     empty.o
    0x20202709        -       0x00000001   Zero   RW          620    .bss.time_10ms      empty.o
    0x2020270a   0x00006f16   0x00000002   PAD
    0x2020270c        -       0x00000034   Zero   RW          521    .bss.trackLine      gray_track.o
    0x20202740        -       0x0000000c   Zero   RW          326    .bss.west           imu.o
    0x2020274c        -       0x00000001   Zero   RW          568    .bss.workstep       app_task.o
    0x2020274d   0x00006f16   0x00000003   PAD
    0x20202750        -       0x0000000c   Zero   RW          621    .bss.ypr            empty.o
    0x2020275c   0x00006f16   0x00000004   PAD
    0x20202760        -       0x00002000   Zero   RW          630    HEAP                startup_mspm0g350x_uvision.o
    0x20204760        -       0x00000400   Zero   RW          629    STACK               startup_mspm0g350x_uvision.o



  Load Region LR_BCR (Base: 0x41c00000, Size: 0x00000000, Max: 0x00000100, ABSOLUTE)

    Execution Region BCR_CONFIG (Exec base: 0x41c00000, Load base: 0x41c00000, Size: 0x00000000, Max: 0x00000080, ABSOLUTE)

    **** No section assigned to this execution region ****



  Load Region LR_BSL (Base: 0x41c00100, Size: 0x00000000, Max: 0x00000100, ABSOLUTE)

    Execution Region BSL_CONFIG (Exec base: 0x41c00100, Load base: 0x41c00100, Size: 0x00000000, Max: 0x00000080, ABSOLUTE)

    **** No section assigned to this execution region ****


==============================================================================

Image component sizes


      Code (inc. data)   RO Data    RW Data    ZI Data      Debug   Object Name

       168         28          0          0         54       1744   angle.o
         0          0          0          0          1       1552   app_task.o
       152         24          0          0          7       1404   app_utils.o
      1288        300        121          0         72      11520   basic_read_reg.o
        70          4          0          0         84       4858   board.o
        64          4          0          0          0       2921   bsp_spi.o
        16          4          0          0          0       3596   buzzer.o
        10          0          0          0          0        604   dl_common.o
        86          8          0          0          0      15915   dl_spi.o
       544        192          0          0          0      32089   dl_timer.o
        90          8          0          0          0      14524   dl_uart.o
       276         60          0          0         20       4780   empty.o
       192         24          0          0          8       5784   encoder.o
       160         40          0          0          8       4363   gray.o
       668        152          0          0         52       3244   gray_track.o
       340         48          0          0        259      10798   hc05.o
      3380        232          0          4       7397       6762   imu.o
      1148         16          0          0          0      24580   inv_imu_driver.o
       498         16          0          0          0       6536   inv_imu_transport.o
       248         40          0          0         17       5843   jy901s.o
        96         20          0          0          3       4303   key.o
        56          8          0          0          0       3849   led.o
       128         16          0          2          0       6539   motor.o
      2528         12          0          0       1152      26938   oled.o
       384         24          0          0         10       2031   pid.o
       892        104          0          8         48       3493   speed.o
        28          8          0          0          4       9614   sr04.o
        48         22        192          0       9216        692   startup_mspm0g350x_uvision.o
      1320        316        139          0        736      33312   ti_msp_dl_config.o
        56          8          0          0          0       2444   timer.o

    ----------------------------------------------------------------------
     14944       1738        492         16      19184     256632   Object Totals
         0          0         32          0          0          0   (incl. Generated)
        10          0          8          2         36          0   (incl. Padding)

    ----------------------------------------------------------------------

      Code (inc. data)   RO Data    RW Data    ZI Data      Debug   Library Member Name

         8          0          0          0          0         68   __main.o
       312          6         17          0          0         76   __printf_flags_wp.o
        14          0          0          0          0         60   __printf_wp.o
         0          0          0          0          0          0   __rtentry.o
        12          0          0          0          0          0   __rtentry2.o
         6          0          0          0          0          0   __rtentry4.o
        86         10          0          0          0          0   __scatter.o
        26          0          0          0          0          0   __scatter_copy.o
        28          0          0          0          0          0   __scatter_zi.o
        46          0          0          0          0        100   _printf_char.o
        48          6          0          0          0         88   _printf_char_common.o
        40          6          0          0          0         72   _printf_char_file.o
        10          0          0          0          0          0   _printf_d.o
       108         18          0          0          0         76   _printf_dec.o
        10          0          0          0          0          0   _printf_f.o
      1044         12          0          0          0        116   _printf_fp_dec.o
       136         16          0          0          0         76   _printf_fp_infnan.o
        88          4         40          0          0         72   _printf_hex_int.o
       176          0          0          0          0         84   _printf_intcommon.o
        78          0          0          0          0        100   _printf_pad.o
         2          0          0          0          0          0   _printf_percent.o
         4          0          0          0          0          0   _printf_percent_end.o
        10          0          0          0          0          0   _printf_s.o
        82          0          0          0          0         72   _printf_str.o
        10          0          0          0          0          0   _printf_x.o
        22          0          0          0          0         92   _rserrno.o
       504          4          0          0          0         92   aeabi_sdivfast.o
       216          6        148          0          0         80   bigflt0.o
      1456         30          0          0          0        336   btod.o
        16          0          0          0          0         68   exit.o
         8          0          0          0          0         60   ferror.o
         6          0          0          0          0        136   heapauxi.o
        44         10         28          0          0         76   lc_numeric_c.o
         2          0          0          0          0          0   libinit.o
        18          0          0          0          0          0   libinit2.o
         2          0          0          0          0          0   libshutdown.o
         2          0          0          0          0          0   libshutdown2.o
         8          4          0          0         96         68   libspace.o
       122          0          0          0          0         72   lludiv10.o
        28          6          0          0          0         84   noretval__2printf.o
        44          6          0          0          0         68   puts.o
         8          4          0          0          0         68   rt_errno_addr_intlibspace.o
         8          4          0          0          0         68   rt_locale_intlibspace.o
         2          0          0          0          0          0   rtexit.o
        10          0          0          0          0          0   rtexit2.o
        40          0          0          0          0         60   rtudiv10.o
       176          4          0          0          0         80   strcmpv6m.o
        62          0          0          0          0         80   sys_stackheap_outer.o
        46          0          0          0          0         60   cmpret.o
       124          4          0          0          0         72   d2f.o
       856         20          0          0          0        208   daddsub.o
       160          6          0          0          0         76   dcmpin.o
      1096         26        128          0          0        112   ddiv.o
       100          4          0          0          0         92   deqf.o
        88          0          0          0          0         92   dflti.o
       584         26          0          0          0         84   dmul.o
        20          6          0          0          0         68   dnan2.o
        96         12          0          0          0         72   dscalbn.o
       256          8          0          0          0         76   dsqrt.o
        84          4          0          0          0         60   f2d.o
       348          8          0          0          0        160   faddsub.o
        92          0          0          0          0        272   fcmp.o
       100          4          0          0          0         68   fcmpin.o
       352         10         64          0          0         92   fdiv.o
        84          4          0          0          0         76   feqf.o
        76          0          0          0          0         68   ffixi.o
        48          0          0          0          0         60   ffixui.o
        94          0          0          0          0         92   fflti.o
        84          4          0          0          0         76   fgef.o
        84          4          0          0          0         76   flef.o
       176          4          0          0          0         80   fmul.o
        16          6          0          0          0         68   fnan2.o
        16          4          0          0          0         76   printf1.o
        94          0          0          0          0         68   retnan.o
         0          0          0          0          0          0   usenofp.o
       628         54         80          0          0        104   asin.o
       540         68        152          0          0        112   atan.o
       412         40          0          0          0        144   atan2.o
        54          6          0          0          0        272   dunder.o
        44          4          0          0          0         60   fpclassify.o
       172          0          0          0          0         76   poly.o
         0          0          8          0          0          0   qnan.o
        72          6          0          0          0         76   sqrt.o

    ----------------------------------------------------------------------
     12316        502        668          0         96       5896   Library Totals
        32          4          3          0          0          0   (incl. Padding)

    ----------------------------------------------------------------------

      Code (inc. data)   RO Data    RW Data    ZI Data      Debug   Library Name

      5188        156        233          0         96       2648   c_p.l
      5174        164        192          0          0       2404   fz_ps.l
      1922        178        240          0          0        844   m_ps.l

    ----------------------------------------------------------------------
     12316        502        668          0         96       5896   Library Totals

    ----------------------------------------------------------------------

==============================================================================


      Code (inc. data)   RO Data    RW Data    ZI Data      Debug   

     27260       2240       1160         16      19280     259052   Grand Totals
     27260       2240       1160         16      19280     259052   ELF Image Totals
     27260       2240       1160         16          0          0   ROM Totals

==============================================================================

    Total RO  Size (Code + RO Data)                28420 (  27.75kB)
    Total RW  Size (RW Data + ZI Data)             19296 (  18.84kB)
    Total ROM Size (Code + RO Data + RW Data)      28436 (  27.77kB)

==============================================================================

